['zlogz', 'c1_b0_mmdt', 'c1_b1_mmdt', 'c1_b2_mmdt', 'c2_b1_mmdt', 'c2_b2_mmdt', 'd2_b1_mmdt', 'd2_b2_mmdt', 'd2_a1_b1_mmdt', 'd2_a1_b2_mmdt', 'm2_b1_mmdt', 'm2_b2_mmdt', 'n2_b1_mmdt', 'n2_b2_mmdt', 'mass_mmdt', 'multiplicity']
(830000, 16) (830000,)
[[-2.93512535e+00  3.83155316e-01  5.12587558e-03  8.42466834e-05
   9.06995591e-03  1.78931368e-04  1.76944518e+00  2.12389827e+00
   1.76944518e+00  3.08185428e-01  1.35686919e-01  8.32780078e-02
   4.12136108e-01  2.99057871e-01  8.92688179e+00  7.50000000e+01]
 [-1.92733514e+00  2.70698756e-01  1.58540264e-03  1.13709866e-05
   3.23237223e-03  2.91449633e-05  2.03883362e+00  2.56309891e+00
   2.03883362e+00  2.11886495e-01  6.37285784e-02  3.63104008e-02
   3.10216516e-01  2.26661310e-01  3.88651156e+00  3.10000000e+01]
 [-3.11214662e+00  4.58171129e-01  9.79138538e-02  2.85884105e-02
   1.24277540e-01  3.84868123e-02  1.26925385e+00  1.34623826e+00
   1.26925385e+00  2.46488109e-01  1.15635969e-01  7.90941268e-02
   3.57558519e-01  2.89219588e-01  1.62144669e+02  6.10000000e+01]
 [-2.66651511e+00  4.37067598e-01  4.91220504e-02  7.97829404e-03
   4.74766865e-02  4.80184611e-03  9.66504514e-01  6.01863742e-01
   9.66504514e-01  1.60756409e-01  8.21964443e-02  3.33105028e-02
   2.38870576e-01  9.45160612e-02  9.12589340e+01  3.90000000e+01]
 [-2.48484278e+00  4.28981334e-01  4.17859703e-02  6.10950543e-03
   2.30659451e-02  1.12305430e-03  5.52002132e-01  1.83820814e-01
   5.52002132e-01  8.43379796e-02  4.80063371e-02  1.44504104e-02
   1.41905606e-01  3.66654508e-02  7.97257767e+01  3.50000000e+01]]
['g' 'w' 't' 'z' 'w']
[[1. 0. 0. 0. 0.]
 [0. 0. 0. 1. 0.]
 [0. 0. 1. 0. 0.]
 [0. 0. 0. 0. 1.]
 [0. 0. 0. 1. 0.]]
Epoch 1/30
  1/487 [..............................] - ETA: 15:46 - loss: 1.6843 - accuracy: 0.1396  2/487 [..............................] - ETA: 3:33 - loss: 1.6822 - accuracy: 0.1458  10/487 [..............................] - ETA: 26s - loss: 1.6733 - accuracy: 0.1631  24/487 [>.............................] - ETA: 10s - loss: 1.6628 - accuracy: 0.1747 40/487 [=>............................] - ETA: 6s - loss: 1.6526 - accuracy: 0.1866  56/487 [==>...........................] - ETA: 5s - loss: 1.6429 - accuracy: 0.1991 72/487 [===>..........................] - ETA: 4s - loss: 1.6337 - accuracy: 0.2122 87/487 [====>.........................] - ETA: 3s - loss: 1.6255 - accuracy: 0.2252103/487 [=====>........................] - ETA: 3s - loss: 1.6171 - accuracy: 0.2392119/487 [======>.......................] - ETA: 2s - loss: 1.6090 - accuracy: 0.2529135/487 [=======>......................] - ETA: 2s - loss: 1.6012 - accuracy: 0.2657150/487 [========>.....................] - ETA: 2s - loss: 1.5941 - accuracy: 0.2769165/487 [=========>....................] - ETA: 1s - loss: 1.5872 - accuracy: 0.2874182/487 [==========>...................] - ETA: 1s - loss: 1.5796 - accuracy: 0.2984198/487 [===========>..................] - ETA: 1s - loss: 1.5726 - accuracy: 0.3079214/487 [============>.................] - ETA: 1s - loss: 1.5657 - accuracy: 0.3167230/487 [=============>................] - ETA: 1s - loss: 1.5590 - accuracy: 0.3248246/487 [==============>...............] - ETA: 1s - loss: 1.5525 - accuracy: 0.3324262/487 [===============>..............] - ETA: 1s - loss: 1.5461 - accuracy: 0.3395278/487 [================>.............] - ETA: 1s - loss: 1.5397 - accuracy: 0.3461293/487 [=================>............] - ETA: 0s - loss: 1.5339 - accuracy: 0.3520309/487 [==================>...........] - ETA: 0s - loss: 1.5279 - accuracy: 0.3578325/487 [===================>..........] - ETA: 0s - loss: 1.5220 - accuracy: 0.3634340/487 [===================>..........] - ETA: 0s - loss: 1.5166 - accuracy: 0.3683356/487 [====================>.........] - ETA: 0s - loss: 1.5109 - accuracy: 0.3733372/487 [=====================>........] - ETA: 0s - loss: 1.5054 - accuracy: 0.3780388/487 [======================>.......] - ETA: 0s - loss: 1.5000 - accuracy: 0.3825404/487 [=======================>......] - ETA: 0s - loss: 1.4947 - accuracy: 0.3868420/487 [========================>.....] - ETA: 0s - loss: 1.4895 - accuracy: 0.3909436/487 [=========================>....] - ETA: 0s - loss: 1.4845 - accuracy: 0.3949452/487 [==========================>...] - ETA: 0s - loss: 1.4796 - accuracy: 0.3986468/487 [===========================>..] - ETA: 0s - loss: 1.4747 - accuracy: 0.4023484/487 [============================>.] - ETA: 0s - loss: 1.4700 - accuracy: 0.4058
***callbacks***
saving losses to test_model/losses.log

Epoch 00001: val_loss improved from inf to 1.14157, saving model to test_model/KERAS_check_best_model.h5

Epoch 00001: val_loss improved from inf to 1.14157, saving model to test_model/KERAS_check_best_model_weights.h5

Epoch 00001: saving model to test_model/KERAS_check_model_last.h5

Epoch 00001: saving model to test_model/KERAS_check_model_last_weights.h5

***callbacks end***

487/487 [==============================] - 5s 6ms/step - loss: 1.4689 - accuracy: 0.4067 - val_loss: 1.1416 - val_accuracy: 0.6086
Epoch 2/30
  1/487 [..............................] - ETA: 1s - loss: 1.1489 - accuracy: 0.6064 17/487 [>.............................] - ETA: 1s - loss: 1.1471 - accuracy: 0.6058 33/487 [=>............................] - ETA: 1s - loss: 1.1397 - accuracy: 0.6133 49/487 [==>...........................] - ETA: 1s - loss: 1.1375 - accuracy: 0.6167 65/487 [===>..........................] - ETA: 1s - loss: 1.1354 - accuracy: 0.6188 81/487 [===>..........................] - ETA: 1s - loss: 1.1331 - accuracy: 0.6204 97/487 [====>.........................] - ETA: 1s - loss: 1.1310 - accuracy: 0.6221113/487 [=====>........................] - ETA: 1s - loss: 1.1289 - accuracy: 0.6240129/487 [======>.......................] - ETA: 1s - loss: 1.1270 - accuracy: 0.6258145/487 [=======>......................] - ETA: 1s - loss: 1.1249 - accuracy: 0.6276161/487 [========>.....................] - ETA: 1s - loss: 1.1229 - accuracy: 0.6294177/487 [=========>....................] - ETA: 1s - loss: 1.1211 - accuracy: 0.6309193/487 [==========>...................] - ETA: 0s - loss: 1.1194 - accuracy: 0.6324209/487 [===========>..................] - ETA: 0s - loss: 1.1178 - accuracy: 0.6338225/487 [============>.................] - ETA: 0s - loss: 1.1162 - accuracy: 0.6351241/487 [=============>................] - ETA: 0s - loss: 1.1146 - accuracy: 0.6363257/487 [==============>...............] - ETA: 0s - loss: 1.1131 - accuracy: 0.6375272/487 [===============>..............] - ETA: 0s - loss: 1.1117 - accuracy: 0.6385288/487 [================>.............] - ETA: 0s - loss: 1.1102 - accuracy: 0.6396304/487 [=================>............] - ETA: 0s - loss: 1.1087 - accuracy: 0.6406320/487 [==================>...........] - ETA: 0s - loss: 1.1072 - accuracy: 0.6415336/487 [===================>..........] - ETA: 0s - loss: 1.1058 - accuracy: 0.6425352/487 [====================>.........] - ETA: 0s - loss: 1.1044 - accuracy: 0.6434368/487 [=====================>........] - ETA: 0s - loss: 1.1030 - accuracy: 0.6442384/487 [======================>.......] - ETA: 0s - loss: 1.1017 - accuracy: 0.6450400/487 [=======================>......] - ETA: 0s - loss: 1.1003 - accuracy: 0.6459417/487 [========================>.....] - ETA: 0s - loss: 1.0989 - accuracy: 0.6467434/487 [=========================>....] - ETA: 0s - loss: 1.0976 - accuracy: 0.6475450/487 [==========================>...] - ETA: 0s - loss: 1.0963 - accuracy: 0.6483466/487 [===========================>..] - ETA: 0s - loss: 1.0950 - accuracy: 0.6490482/487 [============================>.] - ETA: 0s - loss: 1.0938 - accuracy: 0.6497
***callbacks***
saving losses to test_model/losses.log

Epoch 00002: val_loss improved from 1.14157 to 0.99725, saving model to test_model/KERAS_check_best_model.h5

Epoch 00002: val_loss improved from 1.14157 to 0.99725, saving model to test_model/KERAS_check_best_model_weights.h5

Epoch 00002: saving model to test_model/KERAS_check_model_last.h5

Epoch 00002: saving model to test_model/KERAS_check_model_last_weights.h5

***callbacks end***

487/487 [==============================] - 2s 4ms/step - loss: 1.0934 - accuracy: 0.6499 - val_loss: 0.9973 - val_accuracy: 0.6969
Epoch 3/30
  1/487 [..............................] - ETA: 1s - loss: 1.0232 - accuracy: 0.6729 18/487 [>.............................] - ETA: 1s - loss: 0.9998 - accuracy: 0.6922 33/487 [=>............................] - ETA: 1s - loss: 0.9965 - accuracy: 0.6944 49/487 [==>...........................] - ETA: 1s - loss: 0.9939 - accuracy: 0.6957 65/487 [===>..........................] - ETA: 1s - loss: 0.9919 - accuracy: 0.6966 81/487 [===>..........................] - ETA: 1s - loss: 0.9905 - accuracy: 0.6972 97/487 [====>.........................] - ETA: 1s - loss: 0.9894 - accuracy: 0.6976113/487 [=====>........................] - ETA: 1s - loss: 0.9887 - accuracy: 0.6978128/487 [======>.......................] - ETA: 1s - loss: 0.9880 - accuracy: 0.6979143/487 [=======>......................] - ETA: 1s - loss: 0.9874 - accuracy: 0.6980158/487 [========>.....................] - ETA: 1s - loss: 0.9868 - accuracy: 0.6980174/487 [=========>....................] - ETA: 1s - loss: 0.9862 - accuracy: 0.6981190/487 [==========>...................] - ETA: 0s - loss: 0.9854 - accuracy: 0.6982206/487 [===========>..................] - ETA: 0s - loss: 0.9847 - accuracy: 0.6983222/487 [============>.................] - ETA: 0s - loss: 0.9839 - accuracy: 0.6985238/487 [=============>................] - ETA: 0s - loss: 0.9832 - accuracy: 0.6986255/487 [==============>...............] - ETA: 0s - loss: 0.9825 - accuracy: 0.6988271/487 [===============>..............] - ETA: 0s - loss: 0.9819 - accuracy: 0.6989288/487 [================>.............] - ETA: 0s - loss: 0.9813 - accuracy: 0.6990305/487 [=================>............] - ETA: 0s - loss: 0.9807 - accuracy: 0.6991321/487 [==================>...........] - ETA: 0s - loss: 0.9802 - accuracy: 0.6992337/487 [===================>..........] - ETA: 0s - loss: 0.9796 - accuracy: 0.6993353/487 [====================>.........] - ETA: 0s - loss: 0.9791 - accuracy: 0.6994369/487 [=====================>........] - ETA: 0s - loss: 0.9785 - accuracy: 0.6995385/487 [======================>.......] - ETA: 0s - loss: 0.9779 - accuracy: 0.6996401/487 [=======================>......] - ETA: 0s - loss: 0.9773 - accuracy: 0.6998417/487 [========================>.....] - ETA: 0s - loss: 0.9768 - accuracy: 0.6999433/487 [=========================>....] - ETA: 0s - loss: 0.9762 - accuracy: 0.7000449/487 [==========================>...] - ETA: 0s - loss: 0.9756 - accuracy: 0.7001465/487 [===========================>..] - ETA: 0s - loss: 0.9750 - accuracy: 0.7003481/487 [============================>.] - ETA: 0s - loss: 0.9745 - accuracy: 0.7004
***callbacks***
saving losses to test_model/losses.log

Epoch 00003: val_loss improved from 0.99725 to 0.92809, saving model to test_model/KERAS_check_best_model.h5

Epoch 00003: val_loss improved from 0.99725 to 0.92809, saving model to test_model/KERAS_check_best_model_weights.h5

Epoch 00003: saving model to test_model/KERAS_check_model_last.h5

Epoch 00003: saving model to test_model/KERAS_check_model_last_weights.h5

***callbacks end***

487/487 [==============================] - 2s 4ms/step - loss: 0.9742 - accuracy: 0.7005 - val_loss: 0.9281 - val_accuracy: 0.7134
Epoch 4/30
  1/487 [..............................] - ETA: 1s - loss: 0.9776 - accuracy: 0.6934 17/487 [>.............................] - ETA: 1s - loss: 0.9256 - accuracy: 0.7132 33/487 [=>............................] - ETA: 1s - loss: 0.9239 - accuracy: 0.7137 49/487 [==>...........................] - ETA: 1s - loss: 0.9245 - accuracy: 0.7133 65/487 [===>..........................] - ETA: 1s - loss: 0.9247 - accuracy: 0.7132 80/487 [===>..........................] - ETA: 1s - loss: 0.9247 - accuracy: 0.7132 96/487 [====>.........................] - ETA: 1s - loss: 0.9249 - accuracy: 0.7130112/487 [=====>........................] - ETA: 1s - loss: 0.9251 - accuracy: 0.7128127/487 [======>.......................] - ETA: 1s - loss: 0.9252 - accuracy: 0.7127143/487 [=======>......................] - ETA: 1s - loss: 0.9251 - accuracy: 0.7126160/487 [========>.....................] - ETA: 1s - loss: 0.9249 - accuracy: 0.7126176/487 [=========>....................] - ETA: 1s - loss: 0.9246 - accuracy: 0.7126193/487 [==========>...................] - ETA: 0s - loss: 0.9241 - accuracy: 0.7126209/487 [===========>..................] - ETA: 0s - loss: 0.9237 - accuracy: 0.7127225/487 [============>.................] - ETA: 0s - loss: 0.9233 - accuracy: 0.7128241/487 [=============>................] - ETA: 0s - loss: 0.9229 - accuracy: 0.7129257/487 [==============>...............] - ETA: 0s - loss: 0.9225 - accuracy: 0.7129273/487 [===============>..............] - ETA: 0s - loss: 0.9221 - accuracy: 0.7130289/487 [================>.............] - ETA: 0s - loss: 0.9217 - accuracy: 0.7131305/487 [=================>............] - ETA: 0s - loss: 0.9212 - accuracy: 0.7132321/487 [==================>...........] - ETA: 0s - loss: 0.9208 - accuracy: 0.7133338/487 [===================>..........] - ETA: 0s - loss: 0.9203 - accuracy: 0.7134355/487 [====================>.........] - ETA: 0s - loss: 0.9198 - accuracy: 0.7135371/487 [=====================>........] - ETA: 0s - loss: 0.9194 - accuracy: 0.7136387/487 [======================>.......] - ETA: 0s - loss: 0.9190 - accuracy: 0.7137403/487 [=======================>......] - ETA: 0s - loss: 0.9185 - accuracy: 0.7139419/487 [========================>.....] - ETA: 0s - loss: 0.9181 - accuracy: 0.7140434/487 [=========================>....] - ETA: 0s - loss: 0.9176 - accuracy: 0.7141450/487 [==========================>...] - ETA: 0s - loss: 0.9172 - accuracy: 0.7142466/487 [===========================>..] - ETA: 0s - loss: 0.9167 - accuracy: 0.7143482/487 [============================>.] - ETA: 0s - loss: 0.9163 - accuracy: 0.7144
***callbacks***
saving losses to test_model/losses.log

Epoch 00004: val_loss improved from 0.92809 to 0.88762, saving model to test_model/KERAS_check_best_model.h5

Epoch 00004: val_loss improved from 0.92809 to 0.88762, saving model to test_model/KERAS_check_best_model_weights.h5

Epoch 00004: saving model to test_model/KERAS_check_model_last.h5

Epoch 00004: saving model to test_model/KERAS_check_model_last_weights.h5

***callbacks end***

487/487 [==============================] - 2s 4ms/step - loss: 0.9161 - accuracy: 0.7145 - val_loss: 0.8876 - val_accuracy: 0.7222
Epoch 5/30
  1/487 [..............................] - ETA: 1s - loss: 0.9269 - accuracy: 0.7129 18/487 [>.............................] - ETA: 1s - loss: 0.9009 - accuracy: 0.7178 35/487 [=>............................] - ETA: 1s - loss: 0.8949 - accuracy: 0.7184 51/487 [==>...........................] - ETA: 1s - loss: 0.8921 - accuracy: 0.7190 67/487 [===>..........................] - ETA: 1s - loss: 0.8903 - accuracy: 0.7195 83/487 [====>.........................] - ETA: 1s - loss: 0.8888 - accuracy: 0.7199 99/487 [=====>........................] - ETA: 1s - loss: 0.8879 - accuracy: 0.7202115/487 [======>.......................] - ETA: 1s - loss: 0.8875 - accuracy: 0.7203131/487 [=======>......................] - ETA: 1s - loss: 0.8871 - accuracy: 0.7204147/487 [========>.....................] - ETA: 1s - loss: 0.8866 - accuracy: 0.7206163/487 [=========>....................] - ETA: 1s - loss: 0.8861 - accuracy: 0.7207179/487 [==========>...................] - ETA: 0s - loss: 0.8857 - accuracy: 0.7209195/487 [===========>..................] - ETA: 0s - loss: 0.8853 - accuracy: 0.7209211/487 [===========>..................] - ETA: 0s - loss: 0.8850 - accuracy: 0.7210227/487 [============>.................] - ETA: 0s - loss: 0.8847 - accuracy: 0.7211243/487 [=============>................] - ETA: 0s - loss: 0.8844 - accuracy: 0.7211259/487 [==============>...............] - ETA: 0s - loss: 0.8840 - accuracy: 0.7212275/487 [===============>..............] - ETA: 0s - loss: 0.8837 - accuracy: 0.7213291/487 [================>.............] - ETA: 0s - loss: 0.8833 - accuracy: 0.7214306/487 [=================>............] - ETA: 0s - loss: 0.8830 - accuracy: 0.7215322/487 [==================>...........] - ETA: 0s - loss: 0.8827 - accuracy: 0.7216338/487 [===================>..........] - ETA: 0s - loss: 0.8824 - accuracy: 0.7217354/487 [====================>.........] - ETA: 0s - loss: 0.8821 - accuracy: 0.7218371/487 [=====================>........] - ETA: 0s - loss: 0.8818 - accuracy: 0.7219387/487 [======================>.......] - ETA: 0s - loss: 0.8815 - accuracy: 0.7220404/487 [=======================>......] - ETA: 0s - loss: 0.8812 - accuracy: 0.7221420/487 [========================>.....] - ETA: 0s - loss: 0.8810 - accuracy: 0.7222436/487 [=========================>....] - ETA: 0s - loss: 0.8807 - accuracy: 0.7222452/487 [==========================>...] - ETA: 0s - loss: 0.8804 - accuracy: 0.7223468/487 [===========================>..] - ETA: 0s - loss: 0.8801 - accuracy: 0.7224484/487 [============================>.] - ETA: 0s - loss: 0.8799 - accuracy: 0.7225
***callbacks***
saving losses to test_model/losses.log

Epoch 00005: val_loss improved from 0.88762 to 0.86505, saving model to test_model/KERAS_check_best_model.h5

Epoch 00005: val_loss improved from 0.88762 to 0.86505, saving model to test_model/KERAS_check_best_model_weights.h5

Epoch 00005: saving model to test_model/KERAS_check_model_last.h5

Epoch 00005: saving model to test_model/KERAS_check_model_last_weights.h5

***callbacks end***

487/487 [==============================] - 2s 4ms/step - loss: 0.8798 - accuracy: 0.7225 - val_loss: 0.8650 - val_accuracy: 0.7264
Epoch 6/30
  1/487 [..............................] - ETA: 1s - loss: 0.9130 - accuracy: 0.7236 18/487 [>.............................] - ETA: 1s - loss: 0.8524 - accuracy: 0.7333 34/487 [=>............................] - ETA: 1s - loss: 0.8520 - accuracy: 0.7326 50/487 [==>...........................] - ETA: 1s - loss: 0.8523 - accuracy: 0.7323 66/487 [===>..........................] - ETA: 1s - loss: 0.8526 - accuracy: 0.7319 82/487 [====>.........................] - ETA: 1s - loss: 0.8532 - accuracy: 0.7313 98/487 [=====>........................] - ETA: 1s - loss: 0.8534 - accuracy: 0.7310114/487 [======>.......................] - ETA: 1s - loss: 0.8539 - accuracy: 0.7307130/487 [=======>......................] - ETA: 1s - loss: 0.8543 - accuracy: 0.7304146/487 [=======>......................] - ETA: 1s - loss: 0.8546 - accuracy: 0.7302163/487 [=========>....................] - ETA: 1s - loss: 0.8549 - accuracy: 0.7300179/487 [==========>...................] - ETA: 0s - loss: 0.8551 - accuracy: 0.7299194/487 [==========>...................] - ETA: 0s - loss: 0.8551 - accuracy: 0.7298210/487 [===========>..................] - ETA: 0s - loss: 0.8551 - accuracy: 0.7297226/487 [============>.................] - ETA: 0s - loss: 0.8551 - accuracy: 0.7297242/487 [=============>................] - ETA: 0s - loss: 0.8550 - accuracy: 0.7296258/487 [==============>...............] - ETA: 0s - loss: 0.8550 - accuracy: 0.7296274/487 [===============>..............] - ETA: 0s - loss: 0.8549 - accuracy: 0.7296291/487 [================>.............] - ETA: 0s - loss: 0.8549 - accuracy: 0.7295307/487 [=================>............] - ETA: 0s - loss: 0.8549 - accuracy: 0.7295323/487 [==================>...........] - ETA: 0s - loss: 0.8548 - accuracy: 0.7295339/487 [===================>..........] - ETA: 0s - loss: 0.8548 - accuracy: 0.7294356/487 [====================>.........] - ETA: 0s - loss: 0.8548 - accuracy: 0.7294373/487 [=====================>........] - ETA: 0s - loss: 0.8547 - accuracy: 0.7294391/487 [=======================>......] - ETA: 0s - loss: 0.8547 - accuracy: 0.7293407/487 [========================>.....] - ETA: 0s - loss: 0.8546 - accuracy: 0.7293424/487 [=========================>....] - ETA: 0s - loss: 0.8546 - accuracy: 0.7293440/487 [==========================>...] - ETA: 0s - loss: 0.8546 - accuracy: 0.7292456/487 [===========================>..] - ETA: 0s - loss: 0.8545 - accuracy: 0.7292472/487 [============================>.] - ETA: 0s - loss: 0.8545 - accuracy: 0.7292
***callbacks***
saving losses to test_model/losses.log

Epoch 00006: val_loss improved from 0.86505 to 0.84953, saving model to test_model/KERAS_check_best_model.h5

Epoch 00006: val_loss improved from 0.86505 to 0.84953, saving model to test_model/KERAS_check_best_model_weights.h5

Epoch 00006: saving model to test_model/KERAS_check_model_last.h5

Epoch 00006: saving model to test_model/KERAS_check_model_last_weights.h5

***callbacks end***

487/487 [==============================] - 2s 4ms/step - loss: 0.8544 - accuracy: 0.7292 - val_loss: 0.8495 - val_accuracy: 0.7299
Epoch 7/30
  1/487 [..............................] - ETA: 1s - loss: 0.8428 - accuracy: 0.7236 17/487 [>.............................] - ETA: 1s - loss: 0.8483 - accuracy: 0.7280 34/487 [=>............................] - ETA: 1s - loss: 0.8460 - accuracy: 0.7292 50/487 [==>...........................] - ETA: 1s - loss: 0.8446 - accuracy: 0.7294 66/487 [===>..........................] - ETA: 1s - loss: 0.8437 - accuracy: 0.7297 82/487 [====>.........................] - ETA: 1s - loss: 0.8433 - accuracy: 0.7299 98/487 [=====>........................] - ETA: 1s - loss: 0.8429 - accuracy: 0.7300114/487 [======>.......................] - ETA: 1s - loss: 0.8426 - accuracy: 0.7301130/487 [=======>......................] - ETA: 1s - loss: 0.8422 - accuracy: 0.7302146/487 [=======>......................] - ETA: 1s - loss: 0.8420 - accuracy: 0.7303163/487 [=========>....................] - ETA: 1s - loss: 0.8418 - accuracy: 0.7303179/487 [==========>...................] - ETA: 0s - loss: 0.8416 - accuracy: 0.7303195/487 [===========>..................] - ETA: 0s - loss: 0.8415 - accuracy: 0.7304211/487 [===========>..................] - ETA: 0s - loss: 0.8413 - accuracy: 0.7304227/487 [============>.................] - ETA: 0s - loss: 0.8411 - accuracy: 0.7305243/487 [=============>................] - ETA: 0s - loss: 0.8410 - accuracy: 0.7305260/487 [===============>..............] - ETA: 0s - loss: 0.8409 - accuracy: 0.7306276/487 [================>.............] - ETA: 0s - loss: 0.8408 - accuracy: 0.7306292/487 [================>.............] - ETA: 0s - loss: 0.8407 - accuracy: 0.7306308/487 [=================>............] - ETA: 0s - loss: 0.8406 - accuracy: 0.7307324/487 [==================>...........] - ETA: 0s - loss: 0.8405 - accuracy: 0.7307340/487 [===================>..........] - ETA: 0s - loss: 0.8404 - accuracy: 0.7307356/487 [====================>.........] - ETA: 0s - loss: 0.8404 - accuracy: 0.7308373/487 [=====================>........] - ETA: 0s - loss: 0.8403 - accuracy: 0.7308389/487 [======================>.......] - ETA: 0s - loss: 0.8403 - accuracy: 0.7308405/487 [=======================>......] - ETA: 0s - loss: 0.8402 - accuracy: 0.7308421/487 [========================>.....] - ETA: 0s - loss: 0.8402 - accuracy: 0.7308437/487 [=========================>....] - ETA: 0s - loss: 0.8402 - accuracy: 0.7309453/487 [==========================>...] - ETA: 0s - loss: 0.8401 - accuracy: 0.7309469/487 [===========================>..] - ETA: 0s - loss: 0.8401 - accuracy: 0.7309484/487 [============================>.] - ETA: 0s - loss: 0.8401 - accuracy: 0.7309
***callbacks***
saving losses to test_model/losses.log

Epoch 00007: val_loss improved from 0.84953 to 0.83814, saving model to test_model/KERAS_check_best_model.h5

Epoch 00007: val_loss improved from 0.84953 to 0.83814, saving model to test_model/KERAS_check_best_model_weights.h5

Epoch 00007: saving model to test_model/KERAS_check_model_last.h5

Epoch 00007: saving model to test_model/KERAS_check_model_last_weights.h5

***callbacks end***

487/487 [==============================] - 2s 4ms/step - loss: 0.8401 - accuracy: 0.7309 - val_loss: 0.8381 - val_accuracy: 0.7320
Epoch 8/30
  1/487 [..............................] - ETA: 1s - loss: 0.8205 - accuracy: 0.7490 17/487 [>.............................] - ETA: 1s - loss: 0.8346 - accuracy: 0.7354 33/487 [=>............................] - ETA: 1s - loss: 0.8363 - accuracy: 0.7339 49/487 [==>...........................] - ETA: 1s - loss: 0.8372 - accuracy: 0.7330 65/487 [===>..........................] - ETA: 1s - loss: 0.8373 - accuracy: 0.7327 82/487 [====>.........................] - ETA: 1s - loss: 0.8369 - accuracy: 0.7326 98/487 [=====>........................] - ETA: 1s - loss: 0.8365 - accuracy: 0.7326115/487 [======>.......................] - ETA: 1s - loss: 0.8360 - accuracy: 0.7327131/487 [=======>......................] - ETA: 1s - loss: 0.8356 - accuracy: 0.7327147/487 [========>.....................] - ETA: 1s - loss: 0.8354 - accuracy: 0.7327163/487 [=========>....................] - ETA: 1s - loss: 0.8352 - accuracy: 0.7327179/487 [==========>...................] - ETA: 0s - loss: 0.8350 - accuracy: 0.7327195/487 [===========>..................] - ETA: 0s - loss: 0.8347 - accuracy: 0.7327211/487 [===========>..................] - ETA: 0s - loss: 0.8344 - accuracy: 0.7327227/487 [============>.................] - ETA: 0s - loss: 0.8342 - accuracy: 0.7327243/487 [=============>................] - ETA: 0s - loss: 0.8340 - accuracy: 0.7327260/487 [===============>..............] - ETA: 0s - loss: 0.8339 - accuracy: 0.7328277/487 [================>.............] - ETA: 0s - loss: 0.8337 - accuracy: 0.7328293/487 [=================>............] - ETA: 0s - loss: 0.8335 - accuracy: 0.7328310/487 [==================>...........] - ETA: 0s - loss: 0.8333 - accuracy: 0.7328326/487 [===================>..........] - ETA: 0s - loss: 0.8332 - accuracy: 0.7328342/487 [====================>.........] - ETA: 0s - loss: 0.8330 - accuracy: 0.7329358/487 [=====================>........] - ETA: 0s - loss: 0.8328 - accuracy: 0.7329374/487 [======================>.......] - ETA: 0s - loss: 0.8326 - accuracy: 0.7330389/487 [======================>.......] - ETA: 0s - loss: 0.8325 - accuracy: 0.7330405/487 [=======================>......] - ETA: 0s - loss: 0.8324 - accuracy: 0.7330421/487 [========================>.....] - ETA: 0s - loss: 0.8322 - accuracy: 0.7330437/487 [=========================>....] - ETA: 0s - loss: 0.8321 - accuracy: 0.7330454/487 [==========================>...] - ETA: 0s - loss: 0.8320 - accuracy: 0.7331470/487 [===========================>..] - ETA: 0s - loss: 0.8319 - accuracy: 0.7331486/487 [============================>.] - ETA: 0s - loss: 0.8318 - accuracy: 0.7331
***callbacks***
saving losses to test_model/losses.log

Epoch 00008: val_loss improved from 0.83814 to 0.82943, saving model to test_model/KERAS_check_best_model.h5

Epoch 00008: val_loss improved from 0.83814 to 0.82943, saving model to test_model/KERAS_check_best_model_weights.h5

Epoch 00008: saving model to test_model/KERAS_check_model_last.h5

Epoch 00008: saving model to test_model/KERAS_check_model_last_weights.h5

***callbacks end***

487/487 [==============================] - 2s 4ms/step - loss: 0.8318 - accuracy: 0.7331 - val_loss: 0.8294 - val_accuracy: 0.7341
Epoch 9/30
  1/487 [..............................] - ETA: 1s - loss: 0.8354 - accuracy: 0.7432 17/487 [>.............................] - ETA: 1s - loss: 0.8234 - accuracy: 0.7364 33/487 [=>............................] - ETA: 1s - loss: 0.8234 - accuracy: 0.7356 49/487 [==>...........................] - ETA: 1s - loss: 0.8244 - accuracy: 0.7350 65/487 [===>..........................] - ETA: 1s - loss: 0.8247 - accuracy: 0.7347 81/487 [===>..........................] - ETA: 1s - loss: 0.8247 - accuracy: 0.7346 97/487 [====>.........................] - ETA: 1s - loss: 0.8244 - accuracy: 0.7345113/487 [=====>........................] - ETA: 1s - loss: 0.8241 - accuracy: 0.7346129/487 [======>.......................] - ETA: 1s - loss: 0.8237 - accuracy: 0.7347145/487 [=======>......................] - ETA: 1s - loss: 0.8234 - accuracy: 0.7348161/487 [========>.....................] - ETA: 1s - loss: 0.8232 - accuracy: 0.7348177/487 [=========>....................] - ETA: 0s - loss: 0.8230 - accuracy: 0.7349193/487 [==========>...................] - ETA: 0s - loss: 0.8228 - accuracy: 0.7349209/487 [===========>..................] - ETA: 0s - loss: 0.8226 - accuracy: 0.7349225/487 [============>.................] - ETA: 0s - loss: 0.8225 - accuracy: 0.7349241/487 [=============>................] - ETA: 0s - loss: 0.8224 - accuracy: 0.7349257/487 [==============>...............] - ETA: 0s - loss: 0.8223 - accuracy: 0.7349273/487 [===============>..............] - ETA: 0s - loss: 0.8223 - accuracy: 0.7349290/487 [================>.............] - ETA: 0s - loss: 0.8222 - accuracy: 0.7350306/487 [=================>............] - ETA: 0s - loss: 0.8222 - accuracy: 0.7350322/487 [==================>...........] - ETA: 0s - loss: 0.8221 - accuracy: 0.7350338/487 [===================>..........] - ETA: 0s - loss: 0.8221 - accuracy: 0.7350354/487 [====================>.........] - ETA: 0s - loss: 0.8221 - accuracy: 0.7350370/487 [=====================>........] - ETA: 0s - loss: 0.8221 - accuracy: 0.7350385/487 [======================>.......] - ETA: 0s - loss: 0.8220 - accuracy: 0.7350401/487 [=======================>......] - ETA: 0s - loss: 0.8220 - accuracy: 0.7350417/487 [========================>.....] - ETA: 0s - loss: 0.8219 - accuracy: 0.7350433/487 [=========================>....] - ETA: 0s - loss: 0.8219 - accuracy: 0.7351449/487 [==========================>...] - ETA: 0s - loss: 0.8218 - accuracy: 0.7351466/487 [===========================>..] - ETA: 0s - loss: 0.8217 - accuracy: 0.7351483/487 [============================>.] - ETA: 0s - loss: 0.8217 - accuracy: 0.7351
***callbacks***
saving losses to test_model/losses.log

Epoch 00009: val_loss improved from 0.82943 to 0.82102, saving model to test_model/KERAS_check_best_model.h5

Epoch 00009: val_loss improved from 0.82943 to 0.82102, saving model to test_model/KERAS_check_best_model_weights.h5

Epoch 00009: saving model to test_model/KERAS_check_model_last.h5

Epoch 00009: saving model to test_model/KERAS_check_model_last_weights.h5

***callbacks end***

487/487 [==============================] - 2s 4ms/step - loss: 0.8217 - accuracy: 0.7351 - val_loss: 0.8210 - val_accuracy: 0.7355
Epoch 10/30
  1/487 [..............................] - ETA: 1s - loss: 0.8362 - accuracy: 0.7178 18/487 [>.............................] - ETA: 1s - loss: 0.8201 - accuracy: 0.7360 34/487 [=>............................] - ETA: 1s - loss: 0.8190 - accuracy: 0.7373 51/487 [==>...........................] - ETA: 1s - loss: 0.8188 - accuracy: 0.7372 67/487 [===>..........................] - ETA: 1s - loss: 0.8186 - accuracy: 0.7371 83/487 [====>.........................] - ETA: 1s - loss: 0.8184 - accuracy: 0.7372 99/487 [=====>........................] - ETA: 1s - loss: 0.8181 - accuracy: 0.7372115/487 [======>.......................] - ETA: 1s - loss: 0.8180 - accuracy: 0.7371131/487 [=======>......................] - ETA: 1s - loss: 0.8178 - accuracy: 0.7371147/487 [========>.....................] - ETA: 1s - loss: 0.8176 - accuracy: 0.7371163/487 [=========>....................] - ETA: 1s - loss: 0.8174 - accuracy: 0.7371179/487 [==========>...................] - ETA: 0s - loss: 0.8172 - accuracy: 0.7371195/487 [===========>..................] - ETA: 0s - loss: 0.8170 - accuracy: 0.7372211/487 [===========>..................] - ETA: 0s - loss: 0.8168 - accuracy: 0.7372226/487 [============>.................] - ETA: 0s - loss: 0.8167 - accuracy: 0.7372242/487 [=============>................] - ETA: 0s - loss: 0.8166 - accuracy: 0.7372258/487 [==============>...............] - ETA: 0s - loss: 0.8165 - accuracy: 0.7372274/487 [===============>..............] - ETA: 0s - loss: 0.8164 - accuracy: 0.7372290/487 [================>.............] - ETA: 0s - loss: 0.8163 - accuracy: 0.7372306/487 [=================>............] - ETA: 0s - loss: 0.8162 - accuracy: 0.7372321/487 [==================>...........] - ETA: 0s - loss: 0.8161 - accuracy: 0.7372338/487 [===================>..........] - ETA: 0s - loss: 0.8160 - accuracy: 0.7371354/487 [====================>.........] - ETA: 0s - loss: 0.8160 - accuracy: 0.7371370/487 [=====================>........] - ETA: 0s - loss: 0.8159 - accuracy: 0.7371386/487 [======================>.......] - ETA: 0s - loss: 0.8158 - accuracy: 0.7371402/487 [=======================>......] - ETA: 0s - loss: 0.8157 - accuracy: 0.7371418/487 [========================>.....] - ETA: 0s - loss: 0.8156 - accuracy: 0.7371434/487 [=========================>....] - ETA: 0s - loss: 0.8155 - accuracy: 0.7371450/487 [==========================>...] - ETA: 0s - loss: 0.8154 - accuracy: 0.7371466/487 [===========================>..] - ETA: 0s - loss: 0.8153 - accuracy: 0.7370482/487 [============================>.] - ETA: 0s - loss: 0.8153 - accuracy: 0.7370
***callbacks***
saving losses to test_model/losses.log

Epoch 00010: val_loss improved from 0.82102 to 0.81442, saving model to test_model/KERAS_check_best_model.h5

Epoch 00010: val_loss improved from 0.82102 to 0.81442, saving model to test_model/KERAS_check_best_model_weights.h5

Epoch 00010: saving model to test_model/KERAS_check_model_last.h5

Epoch 00010: saving model to test_model/KERAS_check_model_last_weights.h5

Epoch 00010: saving model to test_model/KERAS_check_model_epoch10.h5

***callbacks end***

487/487 [==============================] - 2s 4ms/step - loss: 0.8152 - accuracy: 0.7370 - val_loss: 0.8144 - val_accuracy: 0.7371
Epoch 11/30
  1/487 [..............................] - ETA: 1s - loss: 0.7912 - accuracy: 0.7480 17/487 [>.............................] - ETA: 1s - loss: 0.8064 - accuracy: 0.7390 33/487 [=>............................] - ETA: 1s - loss: 0.8093 - accuracy: 0.7384 49/487 [==>...........................] - ETA: 1s - loss: 0.8119 - accuracy: 0.7376 66/487 [===>..........................] - ETA: 1s - loss: 0.8129 - accuracy: 0.7371 82/487 [====>.........................] - ETA: 1s - loss: 0.8129 - accuracy: 0.7370 98/487 [=====>........................] - ETA: 1s - loss: 0.8123 - accuracy: 0.7370114/487 [======>.......................] - ETA: 1s - loss: 0.8121 - accuracy: 0.7369130/487 [=======>......................] - ETA: 1s - loss: 0.8121 - accuracy: 0.7368146/487 [=======>......................] - ETA: 1s - loss: 0.8120 - accuracy: 0.7368162/487 [========>.....................] - ETA: 1s - loss: 0.8120 - accuracy: 0.7368178/487 [=========>....................] - ETA: 0s - loss: 0.8119 - accuracy: 0.7368194/487 [==========>...................] - ETA: 0s - loss: 0.8118 - accuracy: 0.7368211/487 [===========>..................] - ETA: 0s - loss: 0.8117 - accuracy: 0.7368227/487 [============>.................] - ETA: 0s - loss: 0.8116 - accuracy: 0.7368243/487 [=============>................] - ETA: 0s - loss: 0.8115 - accuracy: 0.7368259/487 [==============>...............] - ETA: 0s - loss: 0.8114 - accuracy: 0.7369275/487 [===============>..............] - ETA: 0s - loss: 0.8113 - accuracy: 0.7369291/487 [================>.............] - ETA: 0s - loss: 0.8111 - accuracy: 0.7369307/487 [=================>............] - ETA: 0s - loss: 0.8109 - accuracy: 0.7370324/487 [==================>...........] - ETA: 0s - loss: 0.8108 - accuracy: 0.7370340/487 [===================>..........] - ETA: 0s - loss: 0.8107 - accuracy: 0.7371356/487 [====================>.........] - ETA: 0s - loss: 0.8106 - accuracy: 0.7371372/487 [=====================>........] - ETA: 0s - loss: 0.8105 - accuracy: 0.7372388/487 [======================>.......] - ETA: 0s - loss: 0.8104 - accuracy: 0.7372404/487 [=======================>......] - ETA: 0s - loss: 0.8103 - accuracy: 0.7372420/487 [========================>.....] - ETA: 0s - loss: 0.8102 - accuracy: 0.7373436/487 [=========================>....] - ETA: 0s - loss: 0.8101 - accuracy: 0.7373452/487 [==========================>...] - ETA: 0s - loss: 0.8100 - accuracy: 0.7373468/487 [===========================>..] - ETA: 0s - loss: 0.8099 - accuracy: 0.7374484/487 [============================>.] - ETA: 0s - loss: 0.8098 - accuracy: 0.7374
***callbacks***
saving losses to test_model/losses.log

Epoch 00011: val_loss improved from 0.81442 to 0.80901, saving model to test_model/KERAS_check_best_model.h5

Epoch 00011: val_loss improved from 0.81442 to 0.80901, saving model to test_model/KERAS_check_best_model_weights.h5

Epoch 00011: saving model to test_model/KERAS_check_model_last.h5

Epoch 00011: saving model to test_model/KERAS_check_model_last_weights.h5

***callbacks end***

487/487 [==============================] - 2s 4ms/step - loss: 0.8097 - accuracy: 0.7374 - val_loss: 0.8090 - val_accuracy: 0.7379
Epoch 12/30
  1/487 [..............................] - ETA: 1s - loss: 0.8301 - accuracy: 0.7324 17/487 [>.............................] - ETA: 1s - loss: 0.8230 - accuracy: 0.7332 33/487 [=>............................] - ETA: 1s - loss: 0.8178 - accuracy: 0.7350 49/487 [==>...........................] - ETA: 1s - loss: 0.8140 - accuracy: 0.7364 66/487 [===>..........................] - ETA: 1s - loss: 0.8117 - accuracy: 0.7370 82/487 [====>.........................] - ETA: 1s - loss: 0.8107 - accuracy: 0.7373 98/487 [=====>........................] - ETA: 1s - loss: 0.8101 - accuracy: 0.7374113/487 [=====>........................] - ETA: 1s - loss: 0.8097 - accuracy: 0.7374129/487 [======>.......................] - ETA: 1s - loss: 0.8094 - accuracy: 0.7375144/487 [=======>......................] - ETA: 1s - loss: 0.8090 - accuracy: 0.7376160/487 [========>.....................] - ETA: 1s - loss: 0.8087 - accuracy: 0.7378176/487 [=========>....................] - ETA: 1s - loss: 0.8084 - accuracy: 0.7379192/487 [==========>...................] - ETA: 0s - loss: 0.8082 - accuracy: 0.7380208/487 [===========>..................] - ETA: 0s - loss: 0.8079 - accuracy: 0.7381224/487 [============>.................] - ETA: 0s - loss: 0.8075 - accuracy: 0.7382240/487 [=============>................] - ETA: 0s - loss: 0.8072 - accuracy: 0.7382256/487 [==============>...............] - ETA: 0s - loss: 0.8070 - accuracy: 0.7383272/487 [===============>..............] - ETA: 0s - loss: 0.8067 - accuracy: 0.7384288/487 [================>.............] - ETA: 0s - loss: 0.8065 - accuracy: 0.7384304/487 [=================>............] - ETA: 0s - loss: 0.8063 - accuracy: 0.7385320/487 [==================>...........] - ETA: 0s - loss: 0.8061 - accuracy: 0.7385336/487 [===================>..........] - ETA: 0s - loss: 0.8060 - accuracy: 0.7386353/487 [====================>.........] - ETA: 0s - loss: 0.8058 - accuracy: 0.7387369/487 [=====================>........] - ETA: 0s - loss: 0.8056 - accuracy: 0.7387386/487 [======================>.......] - ETA: 0s - loss: 0.8054 - accuracy: 0.7388402/487 [=======================>......] - ETA: 0s - loss: 0.8053 - accuracy: 0.7388419/487 [========================>.....] - ETA: 0s - loss: 0.8051 - accuracy: 0.7389435/487 [=========================>....] - ETA: 0s - loss: 0.8050 - accuracy: 0.7389451/487 [==========================>...] - ETA: 0s - loss: 0.8048 - accuracy: 0.7389467/487 [===========================>..] - ETA: 0s - loss: 0.8047 - accuracy: 0.7390483/487 [============================>.] - ETA: 0s - loss: 0.8045 - accuracy: 0.7390
***callbacks***
saving losses to test_model/losses.log

Epoch 00012: val_loss improved from 0.80901 to 0.80391, saving model to test_model/KERAS_check_best_model.h5

Epoch 00012: val_loss improved from 0.80901 to 0.80391, saving model to test_model/KERAS_check_best_model_weights.h5

Epoch 00012: saving model to test_model/KERAS_check_model_last.h5

Epoch 00012: saving model to test_model/KERAS_check_model_last_weights.h5

***callbacks end***

487/487 [==============================] - 2s 4ms/step - loss: 0.8045 - accuracy: 0.7390 - val_loss: 0.8039 - val_accuracy: 0.7396
Epoch 13/30
  1/487 [..............................] - ETA: 1s - loss: 0.8283 - accuracy: 0.7275 17/487 [>.............................] - ETA: 1s - loss: 0.8086 - accuracy: 0.7382 33/487 [=>............................] - ETA: 1s - loss: 0.8037 - accuracy: 0.7393 49/487 [==>...........................] - ETA: 1s - loss: 0.8014 - accuracy: 0.7396 66/487 [===>..........................] - ETA: 1s - loss: 0.8005 - accuracy: 0.7396 82/487 [====>.........................] - ETA: 1s - loss: 0.7999 - accuracy: 0.7397 98/487 [=====>........................] - ETA: 1s - loss: 0.7999 - accuracy: 0.7396114/487 [======>.......................] - ETA: 1s - loss: 0.8000 - accuracy: 0.7394131/487 [=======>......................] - ETA: 1s - loss: 0.8001 - accuracy: 0.7393147/487 [========>.....................] - ETA: 1s - loss: 0.8001 - accuracy: 0.7393164/487 [=========>....................] - ETA: 1s - loss: 0.8001 - accuracy: 0.7392180/487 [==========>...................] - ETA: 0s - loss: 0.8000 - accuracy: 0.7393196/487 [===========>..................] - ETA: 0s - loss: 0.7999 - accuracy: 0.7393212/487 [============>.................] - ETA: 0s - loss: 0.7998 - accuracy: 0.7393229/487 [=============>................] - ETA: 0s - loss: 0.7997 - accuracy: 0.7393246/487 [==============>...............] - ETA: 0s - loss: 0.7997 - accuracy: 0.7393262/487 [===============>..............] - ETA: 0s - loss: 0.7996 - accuracy: 0.7393278/487 [================>.............] - ETA: 0s - loss: 0.7996 - accuracy: 0.7394294/487 [=================>............] - ETA: 0s - loss: 0.7995 - accuracy: 0.7394310/487 [==================>...........] - ETA: 0s - loss: 0.7995 - accuracy: 0.7394326/487 [===================>..........] - ETA: 0s - loss: 0.7995 - accuracy: 0.7394342/487 [====================>.........] - ETA: 0s - loss: 0.7995 - accuracy: 0.7394358/487 [=====================>........] - ETA: 0s - loss: 0.7994 - accuracy: 0.7395374/487 [======================>.......] - ETA: 0s - loss: 0.7994 - accuracy: 0.7395390/487 [=======================>......] - ETA: 0s - loss: 0.7994 - accuracy: 0.7395407/487 [========================>.....] - ETA: 0s - loss: 0.7993 - accuracy: 0.7395424/487 [=========================>....] - ETA: 0s - loss: 0.7993 - accuracy: 0.7396441/487 [==========================>...] - ETA: 0s - loss: 0.7992 - accuracy: 0.7396456/487 [===========================>..] - ETA: 0s - loss: 0.7991 - accuracy: 0.7397473/487 [============================>.] - ETA: 0s - loss: 0.7990 - accuracy: 0.7397
***callbacks***
saving losses to test_model/losses.log

Epoch 00013: val_loss improved from 0.80391 to 0.79917, saving model to test_model/KERAS_check_best_model.h5

Epoch 00013: val_loss improved from 0.80391 to 0.79917, saving model to test_model/KERAS_check_best_model_weights.h5

Epoch 00013: saving model to test_model/KERAS_check_model_last.h5

Epoch 00013: saving model to test_model/KERAS_check_model_last_weights.h5

***callbacks end***

487/487 [==============================] - 2s 4ms/step - loss: 0.7989 - accuracy: 0.7397 - val_loss: 0.7992 - val_accuracy: 0.7410
Epoch 14/30
  1/487 [..............................] - ETA: 1s - loss: 0.8393 - accuracy: 0.7256 17/487 [>.............................] - ETA: 1s - loss: 0.8024 - accuracy: 0.7392 33/487 [=>............................] - ETA: 1s - loss: 0.8001 - accuracy: 0.7398 49/487 [==>...........................] - ETA: 1s - loss: 0.7984 - accuracy: 0.7403 65/487 [===>..........................] - ETA: 1s - loss: 0.7976 - accuracy: 0.7405 81/487 [===>..........................] - ETA: 1s - loss: 0.7970 - accuracy: 0.7408 97/487 [====>.........................] - ETA: 1s - loss: 0.7966 - accuracy: 0.7410114/487 [======>.......................] - ETA: 1s - loss: 0.7965 - accuracy: 0.7411130/487 [=======>......................] - ETA: 1s - loss: 0.7964 - accuracy: 0.7411146/487 [=======>......................] - ETA: 1s - loss: 0.7964 - accuracy: 0.7411162/487 [========>.....................] - ETA: 1s - loss: 0.7961 - accuracy: 0.7411178/487 [=========>....................] - ETA: 0s - loss: 0.7959 - accuracy: 0.7412194/487 [==========>...................] - ETA: 0s - loss: 0.7957 - accuracy: 0.7413210/487 [===========>..................] - ETA: 0s - loss: 0.7955 - accuracy: 0.7413226/487 [============>.................] - ETA: 0s - loss: 0.7953 - accuracy: 0.7413242/487 [=============>................] - ETA: 0s - loss: 0.7951 - accuracy: 0.7414259/487 [==============>...............] - ETA: 0s - loss: 0.7950 - accuracy: 0.7414276/487 [================>.............] - ETA: 0s - loss: 0.7948 - accuracy: 0.7414292/487 [================>.............] - ETA: 0s - loss: 0.7947 - accuracy: 0.7414308/487 [=================>............] - ETA: 0s - loss: 0.7945 - accuracy: 0.7415324/487 [==================>...........] - ETA: 0s - loss: 0.7944 - accuracy: 0.7415340/487 [===================>..........] - ETA: 0s - loss: 0.7943 - accuracy: 0.7415357/487 [====================>.........] - ETA: 0s - loss: 0.7942 - accuracy: 0.7415373/487 [=====================>........] - ETA: 0s - loss: 0.7941 - accuracy: 0.7415390/487 [=======================>......] - ETA: 0s - loss: 0.7940 - accuracy: 0.7415406/487 [========================>.....] - ETA: 0s - loss: 0.7939 - accuracy: 0.7415422/487 [========================>.....] - ETA: 0s - loss: 0.7938 - accuracy: 0.7415438/487 [=========================>....] - ETA: 0s - loss: 0.7937 - accuracy: 0.7415454/487 [==========================>...] - ETA: 0s - loss: 0.7937 - accuracy: 0.7416470/487 [===========================>..] - ETA: 0s - loss: 0.7936 - accuracy: 0.7416486/487 [============================>.] - ETA: 0s - loss: 0.7935 - accuracy: 0.7416
***callbacks***
saving losses to test_model/losses.log

Epoch 00014: val_loss improved from 0.79917 to 0.79504, saving model to test_model/KERAS_check_best_model.h5

Epoch 00014: val_loss improved from 0.79917 to 0.79504, saving model to test_model/KERAS_check_best_model_weights.h5

Epoch 00014: saving model to test_model/KERAS_check_model_last.h5

Epoch 00014: saving model to test_model/KERAS_check_model_last_weights.h5

***callbacks end***

487/487 [==============================] - 2s 4ms/step - loss: 0.7935 - accuracy: 0.7416 - val_loss: 0.7950 - val_accuracy: 0.7419
Epoch 15/30
  1/487 [..............................] - ETA: 1s - loss: 0.8316 - accuracy: 0.7256 17/487 [>.............................] - ETA: 1s - loss: 0.8025 - accuracy: 0.7373 33/487 [=>............................] - ETA: 1s - loss: 0.7981 - accuracy: 0.7388 49/487 [==>...........................] - ETA: 1s - loss: 0.7954 - accuracy: 0.7397 65/487 [===>..........................] - ETA: 1s - loss: 0.7945 - accuracy: 0.7400 81/487 [===>..........................] - ETA: 1s - loss: 0.7942 - accuracy: 0.7403 98/487 [=====>........................] - ETA: 1s - loss: 0.7942 - accuracy: 0.7404114/487 [======>.......................] - ETA: 1s - loss: 0.7940 - accuracy: 0.7404130/487 [=======>......................] - ETA: 1s - loss: 0.7939 - accuracy: 0.7405146/487 [=======>......................] - ETA: 1s - loss: 0.7937 - accuracy: 0.7405163/487 [=========>....................] - ETA: 1s - loss: 0.7936 - accuracy: 0.7406179/487 [==========>...................] - ETA: 0s - loss: 0.7935 - accuracy: 0.7406194/487 [==========>...................] - ETA: 0s - loss: 0.7933 - accuracy: 0.7407210/487 [===========>..................] - ETA: 0s - loss: 0.7932 - accuracy: 0.7407226/487 [============>.................] - ETA: 0s - loss: 0.7931 - accuracy: 0.7408241/487 [=============>................] - ETA: 0s - loss: 0.7930 - accuracy: 0.7408257/487 [==============>...............] - ETA: 0s - loss: 0.7928 - accuracy: 0.7409274/487 [===============>..............] - ETA: 0s - loss: 0.7925 - accuracy: 0.7410290/487 [================>.............] - ETA: 0s - loss: 0.7923 - accuracy: 0.7411306/487 [=================>............] - ETA: 0s - loss: 0.7921 - accuracy: 0.7412322/487 [==================>...........] - ETA: 0s - loss: 0.7918 - accuracy: 0.7413338/487 [===================>..........] - ETA: 0s - loss: 0.7916 - accuracy: 0.7414354/487 [====================>.........] - ETA: 0s - loss: 0.7914 - accuracy: 0.7415370/487 [=====================>........] - ETA: 0s - loss: 0.7913 - accuracy: 0.7415387/487 [======================>.......] - ETA: 0s - loss: 0.7911 - accuracy: 0.7416403/487 [=======================>......] - ETA: 0s - loss: 0.7910 - accuracy: 0.7416419/487 [========================>.....] - ETA: 0s - loss: 0.7908 - accuracy: 0.7417435/487 [=========================>....] - ETA: 0s - loss: 0.7907 - accuracy: 0.7417451/487 [==========================>...] - ETA: 0s - loss: 0.7906 - accuracy: 0.7417467/487 [===========================>..] - ETA: 0s - loss: 0.7905 - accuracy: 0.7418484/487 [============================>.] - ETA: 0s - loss: 0.7904 - accuracy: 0.7418
***callbacks***
saving losses to test_model/losses.log

Epoch 00015: val_loss improved from 0.79504 to 0.79158, saving model to test_model/KERAS_check_best_model.h5

Epoch 00015: val_loss improved from 0.79504 to 0.79158, saving model to test_model/KERAS_check_best_model_weights.h5

Epoch 00015: saving model to test_model/KERAS_check_model_last.h5

Epoch 00015: saving model to test_model/KERAS_check_model_last_weights.h5

***callbacks end***

487/487 [==============================] - 2s 4ms/step - loss: 0.7904 - accuracy: 0.7418 - val_loss: 0.7916 - val_accuracy: 0.7428
Epoch 16/30
  1/487 [..............................] - ETA: 1s - loss: 0.8078 - accuracy: 0.7422 18/487 [>.............................] - ETA: 1s - loss: 0.7844 - accuracy: 0.7458 35/487 [=>............................] - ETA: 1s - loss: 0.7833 - accuracy: 0.7461 52/487 [==>...........................] - ETA: 1s - loss: 0.7839 - accuracy: 0.7457 68/487 [===>..........................] - ETA: 1s - loss: 0.7850 - accuracy: 0.7452 84/487 [====>.........................] - ETA: 1s - loss: 0.7855 - accuracy: 0.7449100/487 [=====>........................] - ETA: 1s - loss: 0.7856 - accuracy: 0.7448116/487 [======>.......................] - ETA: 1s - loss: 0.7857 - accuracy: 0.7447132/487 [=======>......................] - ETA: 1s - loss: 0.7855 - accuracy: 0.7446149/487 [========>.....................] - ETA: 1s - loss: 0.7854 - accuracy: 0.7446165/487 [=========>....................] - ETA: 1s - loss: 0.7853 - accuracy: 0.7445181/487 [==========>...................] - ETA: 0s - loss: 0.7852 - accuracy: 0.7445197/487 [===========>..................] - ETA: 0s - loss: 0.7851 - accuracy: 0.7445213/487 [============>.................] - ETA: 0s - loss: 0.7851 - accuracy: 0.7445229/487 [=============>................] - ETA: 0s - loss: 0.7851 - accuracy: 0.7444245/487 [==============>...............] - ETA: 0s - loss: 0.7852 - accuracy: 0.7444261/487 [===============>..............] - ETA: 0s - loss: 0.7852 - accuracy: 0.7443277/487 [================>.............] - ETA: 0s - loss: 0.7852 - accuracy: 0.7443294/487 [=================>............] - ETA: 0s - loss: 0.7853 - accuracy: 0.7442310/487 [==================>...........] - ETA: 0s - loss: 0.7853 - accuracy: 0.7442326/487 [===================>..........] - ETA: 0s - loss: 0.7853 - accuracy: 0.7442342/487 [====================>.........] - ETA: 0s - loss: 0.7854 - accuracy: 0.7441358/487 [=====================>........] - ETA: 0s - loss: 0.7854 - accuracy: 0.7441374/487 [======================>.......] - ETA: 0s - loss: 0.7854 - accuracy: 0.7441390/487 [=======================>......] - ETA: 0s - loss: 0.7854 - accuracy: 0.7441406/487 [========================>.....] - ETA: 0s - loss: 0.7853 - accuracy: 0.7440422/487 [========================>.....] - ETA: 0s - loss: 0.7853 - accuracy: 0.7440437/487 [=========================>....] - ETA: 0s - loss: 0.7853 - accuracy: 0.7440453/487 [==========================>...] - ETA: 0s - loss: 0.7852 - accuracy: 0.7440469/487 [===========================>..] - ETA: 0s - loss: 0.7852 - accuracy: 0.7440485/487 [============================>.] - ETA: 0s - loss: 0.7852 - accuracy: 0.7440
***callbacks***
saving losses to test_model/losses.log

Epoch 00016: val_loss improved from 0.79158 to 0.78805, saving model to test_model/KERAS_check_best_model.h5

Epoch 00016: val_loss improved from 0.79158 to 0.78805, saving model to test_model/KERAS_check_best_model_weights.h5

Epoch 00016: saving model to test_model/KERAS_check_model_last.h5

Epoch 00016: saving model to test_model/KERAS_check_model_last_weights.h5

***callbacks end***

487/487 [==============================] - 2s 4ms/step - loss: 0.7852 - accuracy: 0.7440 - val_loss: 0.7881 - val_accuracy: 0.7437
Epoch 17/30
  1/487 [..............................] - ETA: 1s - loss: 0.7953 - accuracy: 0.7256 17/487 [>.............................] - ETA: 1s - loss: 0.7864 - accuracy: 0.7398 33/487 [=>............................] - ETA: 1s - loss: 0.7852 - accuracy: 0.7420 49/487 [==>...........................] - ETA: 1s - loss: 0.7855 - accuracy: 0.7425 65/487 [===>..........................] - ETA: 1s - loss: 0.7855 - accuracy: 0.7427 81/487 [===>..........................] - ETA: 1s - loss: 0.7856 - accuracy: 0.7427 98/487 [=====>........................] - ETA: 1s - loss: 0.7857 - accuracy: 0.7427114/487 [======>.......................] - ETA: 1s - loss: 0.7858 - accuracy: 0.7427131/487 [=======>......................] - ETA: 1s - loss: 0.7858 - accuracy: 0.7427147/487 [========>.....................] - ETA: 1s - loss: 0.7859 - accuracy: 0.7427163/487 [=========>....................] - ETA: 1s - loss: 0.7861 - accuracy: 0.7426179/487 [==========>...................] - ETA: 0s - loss: 0.7861 - accuracy: 0.7426195/487 [===========>..................] - ETA: 0s - loss: 0.7861 - accuracy: 0.7426211/487 [===========>..................] - ETA: 0s - loss: 0.7861 - accuracy: 0.7426227/487 [============>.................] - ETA: 0s - loss: 0.7860 - accuracy: 0.7426243/487 [=============>................] - ETA: 0s - loss: 0.7859 - accuracy: 0.7426259/487 [==============>...............] - ETA: 0s - loss: 0.7859 - accuracy: 0.7426274/487 [===============>..............] - ETA: 0s - loss: 0.7857 - accuracy: 0.7427289/487 [================>.............] - ETA: 0s - loss: 0.7856 - accuracy: 0.7427305/487 [=================>............] - ETA: 0s - loss: 0.7856 - accuracy: 0.7427320/487 [==================>...........] - ETA: 0s - loss: 0.7855 - accuracy: 0.7428337/487 [===================>..........] - ETA: 0s - loss: 0.7854 - accuracy: 0.7428353/487 [====================>.........] - ETA: 0s - loss: 0.7852 - accuracy: 0.7429369/487 [=====================>........] - ETA: 0s - loss: 0.7851 - accuracy: 0.7429386/487 [======================>.......] - ETA: 0s - loss: 0.7850 - accuracy: 0.7430402/487 [=======================>......] - ETA: 0s - loss: 0.7849 - accuracy: 0.7430419/487 [========================>.....] - ETA: 0s - loss: 0.7849 - accuracy: 0.7431436/487 [=========================>....] - ETA: 0s - loss: 0.7848 - accuracy: 0.7431453/487 [==========================>...] - ETA: 0s - loss: 0.7847 - accuracy: 0.7432469/487 [===========================>..] - ETA: 0s - loss: 0.7846 - accuracy: 0.7432485/487 [============================>.] - ETA: 0s - loss: 0.7845 - accuracy: 0.7433
***callbacks***
saving losses to test_model/losses.log

Epoch 00017: val_loss improved from 0.78805 to 0.78548, saving model to test_model/KERAS_check_best_model.h5

Epoch 00017: val_loss improved from 0.78805 to 0.78548, saving model to test_model/KERAS_check_best_model_weights.h5

Epoch 00017: saving model to test_model/KERAS_check_model_last.h5

Epoch 00017: saving model to test_model/KERAS_check_model_last_weights.h5

***callbacks end***

487/487 [==============================] - 2s 4ms/step - loss: 0.7844 - accuracy: 0.7433 - val_loss: 0.7855 - val_accuracy: 0.7441
Epoch 18/30
  1/487 [..............................] - ETA: 1s - loss: 0.8222 - accuracy: 0.7168 18/487 [>.............................] - ETA: 1s - loss: 0.7893 - accuracy: 0.7420 34/487 [=>............................] - ETA: 1s - loss: 0.7876 - accuracy: 0.7429 50/487 [==>...........................] - ETA: 1s - loss: 0.7872 - accuracy: 0.7429 66/487 [===>..........................] - ETA: 1s - loss: 0.7869 - accuracy: 0.7430 81/487 [===>..........................] - ETA: 1s - loss: 0.7862 - accuracy: 0.7431 97/487 [====>.........................] - ETA: 1s - loss: 0.7854 - accuracy: 0.7433113/487 [=====>........................] - ETA: 1s - loss: 0.7847 - accuracy: 0.7435129/487 [======>.......................] - ETA: 1s - loss: 0.7840 - accuracy: 0.7436145/487 [=======>......................] - ETA: 1s - loss: 0.7835 - accuracy: 0.7437161/487 [========>.....................] - ETA: 1s - loss: 0.7831 - accuracy: 0.7438177/487 [=========>....................] - ETA: 1s - loss: 0.7828 - accuracy: 0.7438193/487 [==========>...................] - ETA: 0s - loss: 0.7824 - accuracy: 0.7439209/487 [===========>..................] - ETA: 0s - loss: 0.7820 - accuracy: 0.7440225/487 [============>.................] - ETA: 0s - loss: 0.7817 - accuracy: 0.7441242/487 [=============>................] - ETA: 0s - loss: 0.7815 - accuracy: 0.7442259/487 [==============>...............] - ETA: 0s - loss: 0.7812 - accuracy: 0.7442275/487 [===============>..............] - ETA: 0s - loss: 0.7810 - accuracy: 0.7443291/487 [================>.............] - ETA: 0s - loss: 0.7808 - accuracy: 0.7443306/487 [=================>............] - ETA: 0s - loss: 0.7806 - accuracy: 0.7444323/487 [==================>...........] - ETA: 0s - loss: 0.7804 - accuracy: 0.7445340/487 [===================>..........] - ETA: 0s - loss: 0.7803 - accuracy: 0.7445356/487 [====================>.........] - ETA: 0s - loss: 0.7801 - accuracy: 0.7446372/487 [=====================>........] - ETA: 0s - loss: 0.7801 - accuracy: 0.7446389/487 [======================>.......] - ETA: 0s - loss: 0.7800 - accuracy: 0.7446405/487 [=======================>......] - ETA: 0s - loss: 0.7800 - accuracy: 0.7446421/487 [========================>.....] - ETA: 0s - loss: 0.7799 - accuracy: 0.7446437/487 [=========================>....] - ETA: 0s - loss: 0.7799 - accuracy: 0.7447452/487 [==========================>...] - ETA: 0s - loss: 0.7798 - accuracy: 0.7447468/487 [===========================>..] - ETA: 0s - loss: 0.7798 - accuracy: 0.7447485/487 [============================>.] - ETA: 0s - loss: 0.7798 - accuracy: 0.7447
***callbacks***
saving losses to test_model/losses.log

Epoch 00018: val_loss improved from 0.78548 to 0.78275, saving model to test_model/KERAS_check_best_model.h5

Epoch 00018: val_loss improved from 0.78548 to 0.78275, saving model to test_model/KERAS_check_best_model_weights.h5

Epoch 00018: saving model to test_model/KERAS_check_model_last.h5

Epoch 00018: saving model to test_model/KERAS_check_model_last_weights.h5

***callbacks end***

487/487 [==============================] - 2s 4ms/step - loss: 0.7797 - accuracy: 0.7447 - val_loss: 0.7827 - val_accuracy: 0.7445
Epoch 19/30
  1/487 [..............................] - ETA: 1s - loss: 0.7437 - accuracy: 0.7549 17/487 [>.............................] - ETA: 1s - loss: 0.7724 - accuracy: 0.7491 33/487 [=>............................] - ETA: 1s - loss: 0.7763 - accuracy: 0.7484 50/487 [==>...........................] - ETA: 1s - loss: 0.7788 - accuracy: 0.7476 66/487 [===>..........................] - ETA: 1s - loss: 0.7792 - accuracy: 0.7473 82/487 [====>.........................] - ETA: 1s - loss: 0.7795 - accuracy: 0.7470 98/487 [=====>........................] - ETA: 1s - loss: 0.7797 - accuracy: 0.7468114/487 [======>.......................] - ETA: 1s - loss: 0.7794 - accuracy: 0.7468131/487 [=======>......................] - ETA: 1s - loss: 0.7792 - accuracy: 0.7468147/487 [========>.....................] - ETA: 1s - loss: 0.7790 - accuracy: 0.7468163/487 [=========>....................] - ETA: 1s - loss: 0.7788 - accuracy: 0.7468179/487 [==========>...................] - ETA: 0s - loss: 0.7787 - accuracy: 0.7467195/487 [===========>..................] - ETA: 0s - loss: 0.7785 - accuracy: 0.7467211/487 [===========>..................] - ETA: 0s - loss: 0.7784 - accuracy: 0.7466227/487 [============>.................] - ETA: 0s - loss: 0.7783 - accuracy: 0.7466243/487 [=============>................] - ETA: 0s - loss: 0.7782 - accuracy: 0.7465259/487 [==============>...............] - ETA: 0s - loss: 0.7782 - accuracy: 0.7465275/487 [===============>..............] - ETA: 0s - loss: 0.7781 - accuracy: 0.7465291/487 [================>.............] - ETA: 0s - loss: 0.7780 - accuracy: 0.7464307/487 [=================>............] - ETA: 0s - loss: 0.7780 - accuracy: 0.7464323/487 [==================>...........] - ETA: 0s - loss: 0.7779 - accuracy: 0.7464340/487 [===================>..........] - ETA: 0s - loss: 0.7778 - accuracy: 0.7464356/487 [====================>.........] - ETA: 0s - loss: 0.7778 - accuracy: 0.7463372/487 [=====================>........] - ETA: 0s - loss: 0.7777 - accuracy: 0.7463388/487 [======================>.......] - ETA: 0s - loss: 0.7776 - accuracy: 0.7463405/487 [=======================>......] - ETA: 0s - loss: 0.7775 - accuracy: 0.7463421/487 [========================>.....] - ETA: 0s - loss: 0.7774 - accuracy: 0.7463437/487 [=========================>....] - ETA: 0s - loss: 0.7774 - accuracy: 0.7463454/487 [==========================>...] - ETA: 0s - loss: 0.7773 - accuracy: 0.7463470/487 [===========================>..] - ETA: 0s - loss: 0.7773 - accuracy: 0.7463486/487 [============================>.] - ETA: 0s - loss: 0.7772 - accuracy: 0.7463
***callbacks***
saving losses to test_model/losses.log

Epoch 00019: val_loss improved from 0.78275 to 0.77978, saving model to test_model/KERAS_check_best_model.h5

Epoch 00019: val_loss improved from 0.78275 to 0.77978, saving model to test_model/KERAS_check_best_model_weights.h5

Epoch 00019: saving model to test_model/KERAS_check_model_last.h5

Epoch 00019: saving model to test_model/KERAS_check_model_last_weights.h5

***callbacks end***

487/487 [==============================] - 2s 4ms/step - loss: 0.7772 - accuracy: 0.7463 - val_loss: 0.7798 - val_accuracy: 0.7455
Epoch 20/30
  1/487 [..............................] - ETA: 1s - loss: 0.7816 - accuracy: 0.7412 17/487 [>.............................] - ETA: 1s - loss: 0.7707 - accuracy: 0.7499 33/487 [=>............................] - ETA: 1s - loss: 0.7746 - accuracy: 0.7478 49/487 [==>...........................] - ETA: 1s - loss: 0.7764 - accuracy: 0.7469 65/487 [===>..........................] - ETA: 1s - loss: 0.7768 - accuracy: 0.7465 81/487 [===>..........................] - ETA: 1s - loss: 0.7770 - accuracy: 0.7465 97/487 [====>.........................] - ETA: 1s - loss: 0.7770 - accuracy: 0.7465113/487 [=====>........................] - ETA: 1s - loss: 0.7771 - accuracy: 0.7463130/487 [=======>......................] - ETA: 1s - loss: 0.7772 - accuracy: 0.7463146/487 [=======>......................] - ETA: 1s - loss: 0.7771 - accuracy: 0.7463162/487 [========>.....................] - ETA: 1s - loss: 0.7770 - accuracy: 0.7463178/487 [=========>....................] - ETA: 0s - loss: 0.7770 - accuracy: 0.7463194/487 [==========>...................] - ETA: 0s - loss: 0.7768 - accuracy: 0.7463210/487 [===========>..................] - ETA: 0s - loss: 0.7767 - accuracy: 0.7464227/487 [============>.................] - ETA: 0s - loss: 0.7765 - accuracy: 0.7464243/487 [=============>................] - ETA: 0s - loss: 0.7763 - accuracy: 0.7465259/487 [==============>...............] - ETA: 0s - loss: 0.7762 - accuracy: 0.7465274/487 [===============>..............] - ETA: 0s - loss: 0.7760 - accuracy: 0.7465291/487 [================>.............] - ETA: 0s - loss: 0.7759 - accuracy: 0.7465307/487 [=================>............] - ETA: 0s - loss: 0.7757 - accuracy: 0.7466323/487 [==================>...........] - ETA: 0s - loss: 0.7756 - accuracy: 0.7466339/487 [===================>..........] - ETA: 0s - loss: 0.7755 - accuracy: 0.7466355/487 [====================>.........] - ETA: 0s - loss: 0.7754 - accuracy: 0.7466371/487 [=====================>........] - ETA: 0s - loss: 0.7753 - accuracy: 0.7466387/487 [======================>.......] - ETA: 0s - loss: 0.7752 - accuracy: 0.7467403/487 [=======================>......] - ETA: 0s - loss: 0.7751 - accuracy: 0.7467419/487 [========================>.....] - ETA: 0s - loss: 0.7750 - accuracy: 0.7467435/487 [=========================>....] - ETA: 0s - loss: 0.7749 - accuracy: 0.7467451/487 [==========================>...] - ETA: 0s - loss: 0.7748 - accuracy: 0.7467468/487 [===========================>..] - ETA: 0s - loss: 0.7748 - accuracy: 0.7467485/487 [============================>.] - ETA: 0s - loss: 0.7747 - accuracy: 0.7467
***callbacks***
saving losses to test_model/losses.log

Epoch 00020: val_loss improved from 0.77978 to 0.77718, saving model to test_model/KERAS_check_best_model.h5

Epoch 00020: val_loss improved from 0.77978 to 0.77718, saving model to test_model/KERAS_check_best_model_weights.h5

Epoch 00020: saving model to test_model/KERAS_check_model_last.h5

Epoch 00020: saving model to test_model/KERAS_check_model_last_weights.h5

Epoch 00020: saving model to test_model/KERAS_check_model_epoch20.h5

***callbacks end***

487/487 [==============================] - 2s 4ms/step - loss: 0.7747 - accuracy: 0.7467 - val_loss: 0.7772 - val_accuracy: 0.7463
Epoch 21/30
  1/487 [..............................] - ETA: 1s - loss: 0.7732 - accuracy: 0.7422 17/487 [>.............................] - ETA: 1s - loss: 0.7800 - accuracy: 0.7442 32/487 [>.............................] - ETA: 1s - loss: 0.7815 - accuracy: 0.7440 49/487 [==>...........................] - ETA: 1s - loss: 0.7794 - accuracy: 0.7450 65/487 [===>..........................] - ETA: 1s - loss: 0.7783 - accuracy: 0.7455 81/487 [===>..........................] - ETA: 1s - loss: 0.7775 - accuracy: 0.7458 97/487 [====>.........................] - ETA: 1s - loss: 0.7769 - accuracy: 0.7460113/487 [=====>........................] - ETA: 1s - loss: 0.7764 - accuracy: 0.7462129/487 [======>.......................] - ETA: 1s - loss: 0.7759 - accuracy: 0.7463145/487 [=======>......................] - ETA: 1s - loss: 0.7754 - accuracy: 0.7464161/487 [========>.....................] - ETA: 1s - loss: 0.7752 - accuracy: 0.7464176/487 [=========>....................] - ETA: 1s - loss: 0.7750 - accuracy: 0.7464191/487 [==========>...................] - ETA: 0s - loss: 0.7748 - accuracy: 0.7464207/487 [===========>..................] - ETA: 0s - loss: 0.7746 - accuracy: 0.7464224/487 [============>.................] - ETA: 0s - loss: 0.7745 - accuracy: 0.7464241/487 [=============>................] - ETA: 0s - loss: 0.7744 - accuracy: 0.7464257/487 [==============>...............] - ETA: 0s - loss: 0.7744 - accuracy: 0.7465272/487 [===============>..............] - ETA: 0s - loss: 0.7743 - accuracy: 0.7465288/487 [================>.............] - ETA: 0s - loss: 0.7742 - accuracy: 0.7465303/487 [=================>............] - ETA: 0s - loss: 0.7741 - accuracy: 0.7465320/487 [==================>...........] - ETA: 0s - loss: 0.7740 - accuracy: 0.7465337/487 [===================>..........] - ETA: 0s - loss: 0.7738 - accuracy: 0.7466353/487 [====================>.........] - ETA: 0s - loss: 0.7737 - accuracy: 0.7466369/487 [=====================>........] - ETA: 0s - loss: 0.7736 - accuracy: 0.7466385/487 [======================>.......] - ETA: 0s - loss: 0.7736 - accuracy: 0.7467401/487 [=======================>......] - ETA: 0s - loss: 0.7735 - accuracy: 0.7467417/487 [========================>.....] - ETA: 0s - loss: 0.7734 - accuracy: 0.7467433/487 [=========================>....] - ETA: 0s - loss: 0.7734 - accuracy: 0.7467449/487 [==========================>...] - ETA: 0s - loss: 0.7733 - accuracy: 0.7468465/487 [===========================>..] - ETA: 0s - loss: 0.7732 - accuracy: 0.7468481/487 [============================>.] - ETA: 0s - loss: 0.7731 - accuracy: 0.7468
***callbacks***
saving losses to test_model/losses.log

Epoch 00021: val_loss improved from 0.77718 to 0.77531, saving model to test_model/KERAS_check_best_model.h5

Epoch 00021: val_loss improved from 0.77718 to 0.77531, saving model to test_model/KERAS_check_best_model_weights.h5

Epoch 00021: saving model to test_model/KERAS_check_model_last.h5

Epoch 00021: saving model to test_model/KERAS_check_model_last_weights.h5

***callbacks end***

487/487 [==============================] - 2s 4ms/step - loss: 0.7731 - accuracy: 0.7468 - val_loss: 0.7753 - val_accuracy: 0.7469
Epoch 22/30
  1/487 [..............................] - ETA: 1s - loss: 0.7429 - accuracy: 0.7588 18/487 [>.............................] - ETA: 1s - loss: 0.7536 - accuracy: 0.7531 34/487 [=>............................] - ETA: 1s - loss: 0.7620 - accuracy: 0.7496 50/487 [==>...........................] - ETA: 1s - loss: 0.7644 - accuracy: 0.7488 66/487 [===>..........................] - ETA: 1s - loss: 0.7654 - accuracy: 0.7485 82/487 [====>.........................] - ETA: 1s - loss: 0.7661 - accuracy: 0.7483 98/487 [=====>........................] - ETA: 1s - loss: 0.7666 - accuracy: 0.7481114/487 [======>.......................] - ETA: 1s - loss: 0.7668 - accuracy: 0.7481130/487 [=======>......................] - ETA: 1s - loss: 0.7669 - accuracy: 0.7482146/487 [=======>......................] - ETA: 1s - loss: 0.7671 - accuracy: 0.7482162/487 [========>.....................] - ETA: 1s - loss: 0.7672 - accuracy: 0.7481178/487 [=========>....................] - ETA: 0s - loss: 0.7672 - accuracy: 0.7482194/487 [==========>...................] - ETA: 0s - loss: 0.7672 - accuracy: 0.7482211/487 [===========>..................] - ETA: 0s - loss: 0.7673 - accuracy: 0.7482228/487 [=============>................] - ETA: 0s - loss: 0.7674 - accuracy: 0.7481243/487 [=============>................] - ETA: 0s - loss: 0.7675 - accuracy: 0.7481259/487 [==============>...............] - ETA: 0s - loss: 0.7676 - accuracy: 0.7481275/487 [===============>..............] - ETA: 0s - loss: 0.7676 - accuracy: 0.7481291/487 [================>.............] - ETA: 0s - loss: 0.7677 - accuracy: 0.7481307/487 [=================>............] - ETA: 0s - loss: 0.7678 - accuracy: 0.7481323/487 [==================>...........] - ETA: 0s - loss: 0.7678 - accuracy: 0.7480339/487 [===================>..........] - ETA: 0s - loss: 0.7679 - accuracy: 0.7480356/487 [====================>.........] - ETA: 0s - loss: 0.7679 - accuracy: 0.7480372/487 [=====================>........] - ETA: 0s - loss: 0.7680 - accuracy: 0.7480388/487 [======================>.......] - ETA: 0s - loss: 0.7680 - accuracy: 0.7480404/487 [=======================>......] - ETA: 0s - loss: 0.7680 - accuracy: 0.7480420/487 [========================>.....] - ETA: 0s - loss: 0.7680 - accuracy: 0.7480436/487 [=========================>....] - ETA: 0s - loss: 0.7681 - accuracy: 0.7480452/487 [==========================>...] - ETA: 0s - loss: 0.7681 - accuracy: 0.7480468/487 [===========================>..] - ETA: 0s - loss: 0.7681 - accuracy: 0.7480483/487 [============================>.] - ETA: 0s - loss: 0.7681 - accuracy: 0.7480
***callbacks***
saving losses to test_model/losses.log

Epoch 00022: val_loss improved from 0.77531 to 0.77290, saving model to test_model/KERAS_check_best_model.h5

Epoch 00022: val_loss improved from 0.77531 to 0.77290, saving model to test_model/KERAS_check_best_model_weights.h5

Epoch 00022: saving model to test_model/KERAS_check_model_last.h5

Epoch 00022: saving model to test_model/KERAS_check_model_last_weights.h5

***callbacks end***

487/487 [==============================] - 2s 4ms/step - loss: 0.7681 - accuracy: 0.7480 - val_loss: 0.7729 - val_accuracy: 0.7475
Epoch 23/30
  1/487 [..............................] - ETA: 1s - loss: 0.7826 - accuracy: 0.7510 17/487 [>.............................] - ETA: 1s - loss: 0.7682 - accuracy: 0.7544 33/487 [=>............................] - ETA: 1s - loss: 0.7666 - accuracy: 0.7540 49/487 [==>...........................] - ETA: 1s - loss: 0.7648 - accuracy: 0.7539 65/487 [===>..........................] - ETA: 1s - loss: 0.7646 - accuracy: 0.7532 83/487 [====>.........................] - ETA: 1s - loss: 0.7651 - accuracy: 0.7525 99/487 [=====>........................] - ETA: 1s - loss: 0.7652 - accuracy: 0.7520115/487 [======>.......................] - ETA: 1s - loss: 0.7652 - accuracy: 0.7517131/487 [=======>......................] - ETA: 1s - loss: 0.7651 - accuracy: 0.7515147/487 [========>.....................] - ETA: 1s - loss: 0.7650 - accuracy: 0.7513163/487 [=========>....................] - ETA: 1s - loss: 0.7650 - accuracy: 0.7512179/487 [==========>...................] - ETA: 0s - loss: 0.7650 - accuracy: 0.7511195/487 [===========>..................] - ETA: 0s - loss: 0.7649 - accuracy: 0.7510212/487 [============>.................] - ETA: 0s - loss: 0.7649 - accuracy: 0.7508228/487 [=============>................] - ETA: 0s - loss: 0.7650 - accuracy: 0.7507244/487 [==============>...............] - ETA: 0s - loss: 0.7650 - accuracy: 0.7506260/487 [===============>..............] - ETA: 0s - loss: 0.7650 - accuracy: 0.7505276/487 [================>.............] - ETA: 0s - loss: 0.7649 - accuracy: 0.7505292/487 [================>.............] - ETA: 0s - loss: 0.7649 - accuracy: 0.7504308/487 [=================>............] - ETA: 0s - loss: 0.7649 - accuracy: 0.7504324/487 [==================>...........] - ETA: 0s - loss: 0.7649 - accuracy: 0.7503340/487 [===================>..........] - ETA: 0s - loss: 0.7649 - accuracy: 0.7503356/487 [====================>.........] - ETA: 0s - loss: 0.7650 - accuracy: 0.7502372/487 [=====================>........] - ETA: 0s - loss: 0.7650 - accuracy: 0.7502387/487 [======================>.......] - ETA: 0s - loss: 0.7650 - accuracy: 0.7501404/487 [=======================>......] - ETA: 0s - loss: 0.7651 - accuracy: 0.7501420/487 [========================>.....] - ETA: 0s - loss: 0.7651 - accuracy: 0.7500436/487 [=========================>....] - ETA: 0s - loss: 0.7651 - accuracy: 0.7500452/487 [==========================>...] - ETA: 0s - loss: 0.7652 - accuracy: 0.7500468/487 [===========================>..] - ETA: 0s - loss: 0.7652 - accuracy: 0.7499484/487 [============================>.] - ETA: 0s - loss: 0.7652 - accuracy: 0.7499
***callbacks***
saving losses to test_model/losses.log

Epoch 00023: val_loss improved from 0.77290 to 0.77103, saving model to test_model/KERAS_check_best_model.h5

Epoch 00023: val_loss improved from 0.77290 to 0.77103, saving model to test_model/KERAS_check_best_model_weights.h5

Epoch 00023: saving model to test_model/KERAS_check_model_last.h5

Epoch 00023: saving model to test_model/KERAS_check_model_last_weights.h5

***callbacks end***

487/487 [==============================] - 2s 4ms/step - loss: 0.7653 - accuracy: 0.7499 - val_loss: 0.7710 - val_accuracy: 0.7481
Epoch 24/30
  1/487 [..............................] - ETA: 1s - loss: 0.7986 - accuracy: 0.7373 17/487 [>.............................] - ETA: 1s - loss: 0.7674 - accuracy: 0.7452 33/487 [=>............................] - ETA: 1s - loss: 0.7650 - accuracy: 0.7472 49/487 [==>...........................] - ETA: 1s - loss: 0.7633 - accuracy: 0.7483 66/487 [===>..........................] - ETA: 1s - loss: 0.7633 - accuracy: 0.7486 82/487 [====>.........................] - ETA: 1s - loss: 0.7631 - accuracy: 0.7488 98/487 [=====>........................] - ETA: 1s - loss: 0.7629 - accuracy: 0.7491114/487 [======>.......................] - ETA: 1s - loss: 0.7628 - accuracy: 0.7492130/487 [=======>......................] - ETA: 1s - loss: 0.7627 - accuracy: 0.7494146/487 [=======>......................] - ETA: 1s - loss: 0.7627 - accuracy: 0.7495162/487 [========>.....................] - ETA: 1s - loss: 0.7627 - accuracy: 0.7496178/487 [=========>....................] - ETA: 0s - loss: 0.7628 - accuracy: 0.7496194/487 [==========>...................] - ETA: 0s - loss: 0.7629 - accuracy: 0.7496211/487 [===========>..................] - ETA: 0s - loss: 0.7630 - accuracy: 0.7496227/487 [============>.................] - ETA: 0s - loss: 0.7631 - accuracy: 0.7496243/487 [=============>................] - ETA: 0s - loss: 0.7632 - accuracy: 0.7496259/487 [==============>...............] - ETA: 0s - loss: 0.7633 - accuracy: 0.7496275/487 [===============>..............] - ETA: 0s - loss: 0.7634 - accuracy: 0.7495291/487 [================>.............] - ETA: 0s - loss: 0.7635 - accuracy: 0.7495307/487 [=================>............] - ETA: 0s - loss: 0.7636 - accuracy: 0.7495323/487 [==================>...........] - ETA: 0s - loss: 0.7636 - accuracy: 0.7495339/487 [===================>..........] - ETA: 0s - loss: 0.7637 - accuracy: 0.7495355/487 [====================>.........] - ETA: 0s - loss: 0.7637 - accuracy: 0.7495371/487 [=====================>........] - ETA: 0s - loss: 0.7638 - accuracy: 0.7494388/487 [======================>.......] - ETA: 0s - loss: 0.7638 - accuracy: 0.7494404/487 [=======================>......] - ETA: 0s - loss: 0.7638 - accuracy: 0.7494422/487 [========================>.....] - ETA: 0s - loss: 0.7638 - accuracy: 0.7494440/487 [==========================>...] - ETA: 0s - loss: 0.7639 - accuracy: 0.7494456/487 [===========================>..] - ETA: 0s - loss: 0.7639 - accuracy: 0.7494473/487 [============================>.] - ETA: 0s - loss: 0.7639 - accuracy: 0.7494
***callbacks***
saving losses to test_model/losses.log

Epoch 00024: val_loss improved from 0.77103 to 0.76951, saving model to test_model/KERAS_check_best_model.h5

Epoch 00024: val_loss improved from 0.77103 to 0.76951, saving model to test_model/KERAS_check_best_model_weights.h5

Epoch 00024: saving model to test_model/KERAS_check_model_last.h5

Epoch 00024: saving model to test_model/KERAS_check_model_last_weights.h5

***callbacks end***

487/487 [==============================] - 2s 4ms/step - loss: 0.7639 - accuracy: 0.7494 - val_loss: 0.7695 - val_accuracy: 0.7488
Epoch 25/30
  1/487 [..............................] - ETA: 1s - loss: 0.7330 - accuracy: 0.7598 17/487 [>.............................] - ETA: 1s - loss: 0.7483 - accuracy: 0.7532 33/487 [=>............................] - ETA: 1s - loss: 0.7507 - accuracy: 0.7538 49/487 [==>...........................] - ETA: 1s - loss: 0.7521 - accuracy: 0.7536 65/487 [===>..........................] - ETA: 1s - loss: 0.7531 - accuracy: 0.7531 81/487 [===>..........................] - ETA: 1s - loss: 0.7536 - accuracy: 0.7529 97/487 [====>.........................] - ETA: 1s - loss: 0.7543 - accuracy: 0.7526112/487 [=====>........................] - ETA: 1s - loss: 0.7549 - accuracy: 0.7523128/487 [======>.......................] - ETA: 1s - loss: 0.7556 - accuracy: 0.7520144/487 [=======>......................] - ETA: 1s - loss: 0.7562 - accuracy: 0.7518160/487 [========>.....................] - ETA: 1s - loss: 0.7567 - accuracy: 0.7516176/487 [=========>....................] - ETA: 1s - loss: 0.7571 - accuracy: 0.7514193/487 [==========>...................] - ETA: 0s - loss: 0.7574 - accuracy: 0.7513209/487 [===========>..................] - ETA: 0s - loss: 0.7577 - accuracy: 0.7512225/487 [============>.................] - ETA: 0s - loss: 0.7580 - accuracy: 0.7511241/487 [=============>................] - ETA: 0s - loss: 0.7583 - accuracy: 0.7510257/487 [==============>...............] - ETA: 0s - loss: 0.7586 - accuracy: 0.7509273/487 [===============>..............] - ETA: 0s - loss: 0.7588 - accuracy: 0.7509289/487 [================>.............] - ETA: 0s - loss: 0.7591 - accuracy: 0.7508305/487 [=================>............] - ETA: 0s - loss: 0.7593 - accuracy: 0.7507322/487 [==================>...........] - ETA: 0s - loss: 0.7594 - accuracy: 0.7507338/487 [===================>..........] - ETA: 0s - loss: 0.7596 - accuracy: 0.7507355/487 [====================>.........] - ETA: 0s - loss: 0.7598 - accuracy: 0.7506371/487 [=====================>........] - ETA: 0s - loss: 0.7599 - accuracy: 0.7506387/487 [======================>.......] - ETA: 0s - loss: 0.7600 - accuracy: 0.7506403/487 [=======================>......] - ETA: 0s - loss: 0.7601 - accuracy: 0.7505419/487 [========================>.....] - ETA: 0s - loss: 0.7602 - accuracy: 0.7505435/487 [=========================>....] - ETA: 0s - loss: 0.7602 - accuracy: 0.7505451/487 [==========================>...] - ETA: 0s - loss: 0.7603 - accuracy: 0.7505467/487 [===========================>..] - ETA: 0s - loss: 0.7604 - accuracy: 0.7505483/487 [============================>.] - ETA: 0s - loss: 0.7605 - accuracy: 0.7505
***callbacks***
saving losses to test_model/losses.log

Epoch 00025: val_loss improved from 0.76951 to 0.76758, saving model to test_model/KERAS_check_best_model.h5

Epoch 00025: val_loss improved from 0.76951 to 0.76758, saving model to test_model/KERAS_check_best_model_weights.h5

Epoch 00025: saving model to test_model/KERAS_check_model_last.h5

Epoch 00025: saving model to test_model/KERAS_check_model_last_weights.h5

***callbacks end***

487/487 [==============================] - 2s 4ms/step - loss: 0.7605 - accuracy: 0.7504 - val_loss: 0.7676 - val_accuracy: 0.7491
Epoch 26/30
  1/487 [..............................] - ETA: 1s - loss: 0.7936 - accuracy: 0.7217 17/487 [>.............................] - ETA: 1s - loss: 0.7666 - accuracy: 0.7457 33/487 [=>............................] - ETA: 1s - loss: 0.7644 - accuracy: 0.7479 49/487 [==>...........................] - ETA: 1s - loss: 0.7638 - accuracy: 0.7485 65/487 [===>..........................] - ETA: 1s - loss: 0.7631 - accuracy: 0.7488 81/487 [===>..........................] - ETA: 1s - loss: 0.7624 - accuracy: 0.7490 97/487 [====>.........................] - ETA: 1s - loss: 0.7618 - accuracy: 0.7493113/487 [=====>........................] - ETA: 1s - loss: 0.7612 - accuracy: 0.7495129/487 [======>.......................] - ETA: 1s - loss: 0.7609 - accuracy: 0.7497145/487 [=======>......................] - ETA: 1s - loss: 0.7607 - accuracy: 0.7497162/487 [========>.....................] - ETA: 1s - loss: 0.7607 - accuracy: 0.7498178/487 [=========>....................] - ETA: 0s - loss: 0.7607 - accuracy: 0.7498195/487 [===========>..................] - ETA: 0s - loss: 0.7608 - accuracy: 0.7498211/487 [===========>..................] - ETA: 0s - loss: 0.7609 - accuracy: 0.7498227/487 [============>.................] - ETA: 0s - loss: 0.7609 - accuracy: 0.7498243/487 [=============>................] - ETA: 0s - loss: 0.7609 - accuracy: 0.7499259/487 [==============>...............] - ETA: 0s - loss: 0.7608 - accuracy: 0.7499275/487 [===============>..............] - ETA: 0s - loss: 0.7608 - accuracy: 0.7499292/487 [================>.............] - ETA: 0s - loss: 0.7608 - accuracy: 0.7499308/487 [=================>............] - ETA: 0s - loss: 0.7607 - accuracy: 0.7500324/487 [==================>...........] - ETA: 0s - loss: 0.7606 - accuracy: 0.7500340/487 [===================>..........] - ETA: 0s - loss: 0.7606 - accuracy: 0.7500357/487 [====================>.........] - ETA: 0s - loss: 0.7605 - accuracy: 0.7501374/487 [======================>.......] - ETA: 0s - loss: 0.7605 - accuracy: 0.7501390/487 [=======================>......] - ETA: 0s - loss: 0.7605 - accuracy: 0.7501406/487 [========================>.....] - ETA: 0s - loss: 0.7605 - accuracy: 0.7501422/487 [========================>.....] - ETA: 0s - loss: 0.7604 - accuracy: 0.7501438/487 [=========================>....] - ETA: 0s - loss: 0.7604 - accuracy: 0.7501454/487 [==========================>...] - ETA: 0s - loss: 0.7604 - accuracy: 0.7501470/487 [===========================>..] - ETA: 0s - loss: 0.7604 - accuracy: 0.7502486/487 [============================>.] - ETA: 0s - loss: 0.7605 - accuracy: 0.7502
***callbacks***
saving losses to test_model/losses.log

Epoch 00026: val_loss improved from 0.76758 to 0.76594, saving model to test_model/KERAS_check_best_model.h5

Epoch 00026: val_loss improved from 0.76758 to 0.76594, saving model to test_model/KERAS_check_best_model_weights.h5

Epoch 00026: saving model to test_model/KERAS_check_model_last.h5

Epoch 00026: saving model to test_model/KERAS_check_model_last_weights.h5

***callbacks end***

487/487 [==============================] - 2s 4ms/step - loss: 0.7605 - accuracy: 0.7502 - val_loss: 0.7659 - val_accuracy: 0.7496
Epoch 27/30
  1/487 [..............................] - ETA: 1s - loss: 0.7984 - accuracy: 0.7285 17/487 [>.............................] - ETA: 1s - loss: 0.7596 - accuracy: 0.7499 33/487 [=>............................] - ETA: 1s - loss: 0.7578 - accuracy: 0.7509 50/487 [==>...........................] - ETA: 1s - loss: 0.7570 - accuracy: 0.7512 67/487 [===>..........................] - ETA: 1s - loss: 0.7567 - accuracy: 0.7513 83/487 [====>.........................] - ETA: 1s - loss: 0.7569 - accuracy: 0.7513 99/487 [=====>........................] - ETA: 1s - loss: 0.7568 - accuracy: 0.7514115/487 [======>.......................] - ETA: 1s - loss: 0.7569 - accuracy: 0.7513131/487 [=======>......................] - ETA: 1s - loss: 0.7570 - accuracy: 0.7512147/487 [========>.....................] - ETA: 1s - loss: 0.7571 - accuracy: 0.7512163/487 [=========>....................] - ETA: 1s - loss: 0.7572 - accuracy: 0.7512179/487 [==========>...................] - ETA: 0s - loss: 0.7573 - accuracy: 0.7512195/487 [===========>..................] - ETA: 0s - loss: 0.7574 - accuracy: 0.7512211/487 [===========>..................] - ETA: 0s - loss: 0.7576 - accuracy: 0.7512227/487 [============>.................] - ETA: 0s - loss: 0.7576 - accuracy: 0.7512243/487 [=============>................] - ETA: 0s - loss: 0.7577 - accuracy: 0.7512259/487 [==============>...............] - ETA: 0s - loss: 0.7577 - accuracy: 0.7512276/487 [================>.............] - ETA: 0s - loss: 0.7578 - accuracy: 0.7512292/487 [================>.............] - ETA: 0s - loss: 0.7578 - accuracy: 0.7512308/487 [=================>............] - ETA: 0s - loss: 0.7578 - accuracy: 0.7512324/487 [==================>...........] - ETA: 0s - loss: 0.7579 - accuracy: 0.7512340/487 [===================>..........] - ETA: 0s - loss: 0.7579 - accuracy: 0.7512356/487 [====================>.........] - ETA: 0s - loss: 0.7579 - accuracy: 0.7512372/487 [=====================>........] - ETA: 0s - loss: 0.7579 - accuracy: 0.7512389/487 [======================>.......] - ETA: 0s - loss: 0.7579 - accuracy: 0.7512405/487 [=======================>......] - ETA: 0s - loss: 0.7580 - accuracy: 0.7512420/487 [========================>.....] - ETA: 0s - loss: 0.7580 - accuracy: 0.7512436/487 [=========================>....] - ETA: 0s - loss: 0.7580 - accuracy: 0.7512452/487 [==========================>...] - ETA: 0s - loss: 0.7581 - accuracy: 0.7512468/487 [===========================>..] - ETA: 0s - loss: 0.7581 - accuracy: 0.7512484/487 [============================>.] - ETA: 0s - loss: 0.7582 - accuracy: 0.7512
***callbacks***
saving losses to test_model/losses.log

Epoch 00027: val_loss improved from 0.76594 to 0.76430, saving model to test_model/KERAS_check_best_model.h5

Epoch 00027: val_loss improved from 0.76594 to 0.76430, saving model to test_model/KERAS_check_best_model_weights.h5

Epoch 00027: saving model to test_model/KERAS_check_model_last.h5

Epoch 00027: saving model to test_model/KERAS_check_model_last_weights.h5

***callbacks end***

487/487 [==============================] - 2s 4ms/step - loss: 0.7582 - accuracy: 0.7512 - val_loss: 0.7643 - val_accuracy: 0.7505
Epoch 28/30
  1/487 [..............................] - ETA: 1s - loss: 0.7744 - accuracy: 0.7490 18/487 [>.............................] - ETA: 1s - loss: 0.7643 - accuracy: 0.7533 34/487 [=>............................] - ETA: 1s - loss: 0.7649 - accuracy: 0.7518 50/487 [==>...........................] - ETA: 1s - loss: 0.7643 - accuracy: 0.7511 66/487 [===>..........................] - ETA: 1s - loss: 0.7640 - accuracy: 0.7507 82/487 [====>.........................] - ETA: 1s - loss: 0.7631 - accuracy: 0.7506 98/487 [=====>........................] - ETA: 1s - loss: 0.7623 - accuracy: 0.7506115/487 [======>.......................] - ETA: 1s - loss: 0.7618 - accuracy: 0.7505131/487 [=======>......................] - ETA: 1s - loss: 0.7614 - accuracy: 0.7505147/487 [========>.....................] - ETA: 1s - loss: 0.7610 - accuracy: 0.7505164/487 [=========>....................] - ETA: 1s - loss: 0.7608 - accuracy: 0.7505180/487 [==========>...................] - ETA: 0s - loss: 0.7607 - accuracy: 0.7504197/487 [===========>..................] - ETA: 0s - loss: 0.7606 - accuracy: 0.7504213/487 [============>.................] - ETA: 0s - loss: 0.7605 - accuracy: 0.7504229/487 [=============>................] - ETA: 0s - loss: 0.7603 - accuracy: 0.7504245/487 [==============>...............] - ETA: 0s - loss: 0.7602 - accuracy: 0.7505261/487 [===============>..............] - ETA: 0s - loss: 0.7601 - accuracy: 0.7505278/487 [================>.............] - ETA: 0s - loss: 0.7600 - accuracy: 0.7505294/487 [=================>............] - ETA: 0s - loss: 0.7599 - accuracy: 0.7506310/487 [==================>...........] - ETA: 0s - loss: 0.7598 - accuracy: 0.7506327/487 [===================>..........] - ETA: 0s - loss: 0.7597 - accuracy: 0.7506344/487 [====================>.........] - ETA: 0s - loss: 0.7597 - accuracy: 0.7507360/487 [=====================>........] - ETA: 0s - loss: 0.7596 - accuracy: 0.7507377/487 [======================>.......] - ETA: 0s - loss: 0.7595 - accuracy: 0.7507393/487 [=======================>......] - ETA: 0s - loss: 0.7594 - accuracy: 0.7508410/487 [========================>.....] - ETA: 0s - loss: 0.7593 - accuracy: 0.7508427/487 [=========================>....] - ETA: 0s - loss: 0.7593 - accuracy: 0.7508443/487 [==========================>...] - ETA: 0s - loss: 0.7592 - accuracy: 0.7509459/487 [===========================>..] - ETA: 0s - loss: 0.7591 - accuracy: 0.7509475/487 [============================>.] - ETA: 0s - loss: 0.7591 - accuracy: 0.7509
***callbacks***
saving losses to test_model/losses.log

Epoch 00028: val_loss improved from 0.76430 to 0.76285, saving model to test_model/KERAS_check_best_model.h5

Epoch 00028: val_loss improved from 0.76430 to 0.76285, saving model to test_model/KERAS_check_best_model_weights.h5

Epoch 00028: saving model to test_model/KERAS_check_model_last.h5

Epoch 00028: saving model to test_model/KERAS_check_model_last_weights.h5

***callbacks end***

487/487 [==============================] - 2s 4ms/step - loss: 0.7590 - accuracy: 0.7509 - val_loss: 0.7629 - val_accuracy: 0.7507
Epoch 29/30
  1/487 [..............................] - ETA: 1s - loss: 0.7622 - accuracy: 0.7393 17/487 [>.............................] - ETA: 1s - loss: 0.7522 - accuracy: 0.7495 33/487 [=>............................] - ETA: 1s - loss: 0.7517 - accuracy: 0.7507 49/487 [==>...........................] - ETA: 1s - loss: 0.7526 - accuracy: 0.7511 65/487 [===>..........................] - ETA: 1s - loss: 0.7531 - accuracy: 0.7513 81/487 [===>..........................] - ETA: 1s - loss: 0.7535 - accuracy: 0.7515 97/487 [====>.........................] - ETA: 1s - loss: 0.7540 - accuracy: 0.7515114/487 [======>.......................] - ETA: 1s - loss: 0.7544 - accuracy: 0.7515130/487 [=======>......................] - ETA: 1s - loss: 0.7548 - accuracy: 0.7514146/487 [=======>......................] - ETA: 1s - loss: 0.7551 - accuracy: 0.7513162/487 [========>.....................] - ETA: 1s - loss: 0.7552 - accuracy: 0.7513178/487 [=========>....................] - ETA: 0s - loss: 0.7553 - accuracy: 0.7513194/487 [==========>...................] - ETA: 0s - loss: 0.7554 - accuracy: 0.7513210/487 [===========>..................] - ETA: 0s - loss: 0.7554 - accuracy: 0.7513226/487 [============>.................] - ETA: 0s - loss: 0.7555 - accuracy: 0.7513242/487 [=============>................] - ETA: 0s - loss: 0.7555 - accuracy: 0.7513258/487 [==============>...............] - ETA: 0s - loss: 0.7554 - accuracy: 0.7514275/487 [===============>..............] - ETA: 0s - loss: 0.7554 - accuracy: 0.7514291/487 [================>.............] - ETA: 0s - loss: 0.7554 - accuracy: 0.7514307/487 [=================>............] - ETA: 0s - loss: 0.7555 - accuracy: 0.7514324/487 [==================>...........] - ETA: 0s - loss: 0.7555 - accuracy: 0.7514340/487 [===================>..........] - ETA: 0s - loss: 0.7555 - accuracy: 0.7514356/487 [====================>.........] - ETA: 0s - loss: 0.7556 - accuracy: 0.7514372/487 [=====================>........] - ETA: 0s - loss: 0.7556 - accuracy: 0.7514388/487 [======================>.......] - ETA: 0s - loss: 0.7557 - accuracy: 0.7514405/487 [=======================>......] - ETA: 0s - loss: 0.7557 - accuracy: 0.7514421/487 [========================>.....] - ETA: 0s - loss: 0.7558 - accuracy: 0.7514437/487 [=========================>....] - ETA: 0s - loss: 0.7558 - accuracy: 0.7514452/487 [==========================>...] - ETA: 0s - loss: 0.7558 - accuracy: 0.7514468/487 [===========================>..] - ETA: 0s - loss: 0.7558 - accuracy: 0.7514484/487 [============================>.] - ETA: 0s - loss: 0.7558 - accuracy: 0.7514
***callbacks***
saving losses to test_model/losses.log

Epoch 00029: val_loss improved from 0.76285 to 0.76148, saving model to test_model/KERAS_check_best_model.h5

Epoch 00029: val_loss improved from 0.76285 to 0.76148, saving model to test_model/KERAS_check_best_model_weights.h5

Epoch 00029: saving model to test_model/KERAS_check_model_last.h5

Epoch 00029: saving model to test_model/KERAS_check_model_last_weights.h5

***callbacks end***

487/487 [==============================] - 2s 4ms/step - loss: 0.7558 - accuracy: 0.7514 - val_loss: 0.7615 - val_accuracy: 0.7513
Epoch 30/30
  1/487 [..............................] - ETA: 1s - loss: 0.7400 - accuracy: 0.7500 18/487 [>.............................] - ETA: 1s - loss: 0.7543 - accuracy: 0.7510 34/487 [=>............................] - ETA: 1s - loss: 0.7549 - accuracy: 0.7516 50/487 [==>...........................] - ETA: 1s - loss: 0.7560 - accuracy: 0.7514 66/487 [===>..........................] - ETA: 1s - loss: 0.7571 - accuracy: 0.7511 83/487 [====>.........................] - ETA: 1s - loss: 0.7573 - accuracy: 0.7510 99/487 [=====>........................] - ETA: 1s - loss: 0.7571 - accuracy: 0.7510115/487 [======>.......................] - ETA: 1s - loss: 0.7571 - accuracy: 0.7510131/487 [=======>......................] - ETA: 1s - loss: 0.7571 - accuracy: 0.7509147/487 [========>.....................] - ETA: 1s - loss: 0.7569 - accuracy: 0.7510163/487 [=========>....................] - ETA: 1s - loss: 0.7568 - accuracy: 0.7510179/487 [==========>...................] - ETA: 0s - loss: 0.7566 - accuracy: 0.7510195/487 [===========>..................] - ETA: 0s - loss: 0.7565 - accuracy: 0.7511211/487 [===========>..................] - ETA: 0s - loss: 0.7564 - accuracy: 0.7511227/487 [============>.................] - ETA: 0s - loss: 0.7562 - accuracy: 0.7512243/487 [=============>................] - ETA: 0s - loss: 0.7560 - accuracy: 0.7513259/487 [==============>...............] - ETA: 0s - loss: 0.7559 - accuracy: 0.7514275/487 [===============>..............] - ETA: 0s - loss: 0.7558 - accuracy: 0.7514291/487 [================>.............] - ETA: 0s - loss: 0.7557 - accuracy: 0.7514307/487 [=================>............] - ETA: 0s - loss: 0.7556 - accuracy: 0.7515324/487 [==================>...........] - ETA: 0s - loss: 0.7556 - accuracy: 0.7515340/487 [===================>..........] - ETA: 0s - loss: 0.7555 - accuracy: 0.7515356/487 [====================>.........] - ETA: 0s - loss: 0.7554 - accuracy: 0.7516372/487 [=====================>........] - ETA: 0s - loss: 0.7554 - accuracy: 0.7516388/487 [======================>.......] - ETA: 0s - loss: 0.7553 - accuracy: 0.7517404/487 [=======================>......] - ETA: 0s - loss: 0.7553 - accuracy: 0.7517420/487 [========================>.....] - ETA: 0s - loss: 0.7552 - accuracy: 0.7517436/487 [=========================>....] - ETA: 0s - loss: 0.7552 - accuracy: 0.7517452/487 [==========================>...] - ETA: 0s - loss: 0.7552 - accuracy: 0.7517468/487 [===========================>..] - ETA: 0s - loss: 0.7551 - accuracy: 0.7518484/487 [============================>.] - ETA: 0s - loss: 0.7551 - accuracy: 0.7518
***callbacks***
saving losses to test_model/losses.log

Epoch 00030: val_loss improved from 0.76148 to 0.76014, saving model to test_model/KERAS_check_best_model.h5

Epoch 00030: val_loss improved from 0.76148 to 0.76014, saving model to test_model/KERAS_check_best_model_weights.h5

Epoch 00030: saving model to test_model/KERAS_check_model_last.h5

Epoch 00030: saving model to test_model/KERAS_check_model_last_weights.h5

Epoch 00030: saving model to test_model/KERAS_check_model_epoch30.h5

***callbacks end***

487/487 [==============================] - 2s 4ms/step - loss: 0.7551 - accuracy: 0.7518 - val_loss: 0.7601 - val_accuracy: 0.7519
Accuracy: 0.7494819277108433
Interpreting Sequential
Topology:
Layer name: fc1_input, layer type: InputLayer
Layer name: fc1, layer type: Dense
  -> Activation (linear), layer name: fc1
Layer name: relu1, layer type: Activation
Layer name: fc2, layer type: Dense
  -> Activation (linear), layer name: fc2
Layer name: relu2, layer type: Activation
Layer name: fc3, layer type: Dense
  -> Activation (linear), layer name: fc3
Layer name: relu3, layer type: Activation
Layer name: output, layer type: Dense
  -> Activation (linear), layer name: output
Layer name: softmax, layer type: Activation
{'Model': {'Precision': 'ap_fixed<16,6>', 'ReuseFactor': 1, 'Strategy': 'Latency'}}
Interpreting Sequential
Input shape: [16]
Topology:
Layer name: fc1_input, layer type: InputLayer, current shape: [[None, 16]]
Layer name: fc1, layer type: Dense, current shape: [[None, 16]]
Layer name: relu1, layer type: Activation, current shape: [[None, 64]]
Layer name: fc2, layer type: Dense, current shape: [[None, 64]]
Layer name: relu2, layer type: Activation, current shape: [[None, 32]]
Layer name: fc3, layer type: Dense, current shape: [[None, 32]]
Layer name: relu3, layer type: Activation, current shape: [[None, 32]]
Layer name: output, layer type: Dense, current shape: [[None, 32]]
Layer name: softmax, layer type: Softmax, current shape: [[None, 5]]
Creating HLS model
Writing HLS project
Done
Keras  Accuracy: 0.7494819277108433
hls4ml Accuracy: 0.20071686746987952
